 Kernel

 Timestamp is 6240a671 (Sun Mar 27 19:01:21 2022)

 Preferred load address is 0000000004000000

 Start         Length     Name                   Class
 0001:00000000 000001a0H .text                   CODE
 0001:000001a0 0001da81H .text$mn                CODE
 0002:00000000 00013714H .managedcode$I          CODE
 0003:00000000 00005c80H .rdata                  DATA
 0003:00005c80 0000002cH .rdata$voltmd           DATA
 0003:00005cac 000001acH .rdata$zzzdbg           DATA
 0003:00005e58 00003540H .xdata                  DATA
 0003:00009398 00000000H .edata                  DATA
 0004:00000000 000043a0H .data                   DATA
 0004:000043a0 00120418H .bss                    DATA
 0005:00000000 0000186cH .pdata                  DATA
 0006:00000000 00000008H .modules$I              DATA
 0007:00000000 00000079H .msvcjmc                DATA
 0008:00000000 000000a0H .rsrc$01                DATA
 0008:000000a0 00000438H .rsrc$02                DATA

  Address         Publics by Value              Rva+Base               Lib:Object

 0000:00000000       __arm64x_redirection_metadata_count 0000000000000000     <absolute>
 0000:00000000       __enclave_config           0000000000000000     <absolute>
 0000:00000000       __arm64x_extra_rfe_table_size 0000000000000000     <absolute>
 0000:00000000       __guard_check_icall_a64n_fptr 0000000000000000     <absolute>
 0000:00000000       __hybrid_code_map          0000000000000000     <absolute>
 0000:00000000       __guard_iat_table          0000000000000000     <absolute>
 0000:00000000       __guard_eh_cont_count      0000000000000000     <absolute>
 0000:00000000       __arm64x_redirection_metadata 0000000000000000     <absolute>
 0000:00000000       __guard_flags              0000000000000000     <absolute>
 0000:00000000       __hybrid_code_map_count    0000000000000000     <absolute>
 0000:00000000       __guard_eh_cont_table      0000000000000000     <absolute>
 0000:00000000       __arm64x_extra_rfe_table   0000000000000000     <absolute>
 0000:00000000       __guard_longjmp_table      0000000000000000     <absolute>
 0000:00000000       __x64_code_ranges_to_entry_points_count 0000000000000000     <absolute>
 0000:00000000       __x64_code_ranges_to_entry_points 0000000000000000     <absolute>
 0000:00000000       __guard_fids_count         0000000000000000     <absolute>
 0000:00000000       __AbsoluteZero             0000000000000000     <absolute>
 0000:00000000       __guard_longjmp_count      0000000000000000     <absolute>
 0000:00000000       __arm64x_native_entrypoint 0000000000000000     <absolute>
 0000:00000000       __guard_fids_table         0000000000000000     <absolute>
 0000:00000000       __hybrid_auxiliary_iat_copy 0000000000000000     <absolute>
 0000:00000000       __hybrid_auxiliary_iat     0000000000000000     <absolute>
 0000:00000000       __guard_iat_count          0000000000000000     <absolute>
 0000:00000000       __dynamic_value_reloc_table 0000000000000000     <absolute>
 0000:00000000       __ImageBase                0000000004000000     <linker-defined>
 0001:00000000       __GetNonGCStaticBase_Kernel_Allocator 0000000004001000     Kernel.obj
 0001:00000008       __GetNonGCStaticBase_Kernel_GDT 0000000004001008     Kernel.obj
 0001:00000010       __GetNonGCStaticBase_Kernel_IDT 0000000004001010     Kernel.obj
 0001:00000018       __GetNonGCStaticBase_Kernel_System_Windows_Forms_Control 0000000004001018     Kernel.obj
 0001:00000020       __GetNonGCStaticBase_Kernel_OS_Sharp_AC97 0000000004001020     Kernel.obj
 0001:00000028       __GetNonGCStaticBase_Kernel_OS_Sharp_Framebuffer 0000000004001028     Kernel.obj
 0001:00000030       __GetNonGCStaticBase_Kernel_OS_Sharp_PIT 0000000004001030     Kernel.obj
 0001:00000038       __GetNonGCStaticBase_Kernel_OS_Sharp_PS2Keyboard 0000000004001038     Kernel.obj
 0001:00000040       __GetNonGCStaticBase_Kernel_OS_Sharp_PS2Mouse 0000000004001040     Kernel.obj
 0001:00000048       __GetNonGCStaticBase_Kernel_OS_Sharp_RTC 0000000004001048     Kernel.obj
 0001:00000050       __GetNonGCStaticBase_Kernel_OS_Sharp_SATA 0000000004001050     Kernel.obj
 0001:00000058       __GetNonGCStaticBase_Kernel_OS_Sharp_Console 0000000004001058     Kernel.obj
 0001:00000060       __GetNonGCStaticBase_Kernel_OS_Sharp_PageTable 0000000004001060     Kernel.obj
 0001:00000068       __GetNonGCStaticBase_Kernel_OS_Sharp_Networking_RTL8139 0000000004001068     Kernel.obj
 0001:00000070       __GetNonGCStaticBase_Kernel_OS_Sharp_Driver_ACPI 0000000004001070     Kernel.obj
 0001:00000078       __GetNonGCStaticBase_Kernel_OS_Sharp_Driver_HPET 0000000004001078     Kernel.obj
 0001:00000080       __GetNonGCStaticBase_Kernel_OS_Sharp_Driver_Intel8254X 0000000004001080     Kernel.obj
 0001:00000088       __GetNonGCStaticBase_Kernel_OS_Sharp_Driver_SMBIOS 0000000004001088     Kernel.obj
 0001:00000090       __GetNonGCStaticBase_Kernel_OS_Sharp_Driver_VBE 0000000004001090     Kernel.obj
 0001:00000098       __GetNonGCStaticBase_Kernel_OS_Sharp_GUI_Form 0000000004001098     Kernel.obj
 0001:000000a0       __GetNonGCStaticBase_Kernel_Kernel_ThreadPool 00000000040010a0     Kernel.obj
 0001:000000a8       __GetGCStaticBase_Kernel_IDT 00000000040010a8     Kernel.obj
 0001:000000b3       __GetGCStaticBase_Kernel_OS_Sharp_Program 00000000040010b3     Kernel.obj
 0001:000000be       __GetGCStaticBase_Kernel_OS_Sharp_PCI 00000000040010be     Kernel.obj
 0001:000000c9       __GetGCStaticBase_Kernel_OS_Sharp_PS2Keyboard 00000000040010c9     Kernel.obj
 0001:000000d4       __GetGCStaticBase_Kernel_OS_Sharp_PS2Mouse 00000000040010d4     Kernel.obj
 0001:000000df       __GetGCStaticBase_Kernel_OS_Sharp_SATA 00000000040010df     Kernel.obj
 0001:000000ea       __GetGCStaticBase_Kernel_OS_Sharp_ASC16 00000000040010ea     Kernel.obj
 0001:000000f5       __GetGCStaticBase_Kernel_OS_Sharp_Console 00000000040010f5     Kernel.obj
 0001:00000100       __GetGCStaticBase_Kernel_OS_Sharp_Misc_BitFont 0000000004001100     Kernel.obj
 0001:0000010b       __GetGCStaticBase_Kernel_OS_Sharp_Networking_RTL8139 000000000400110b     Kernel.obj
 0001:00000116       __GetGCStaticBase_Kernel_OS_Sharp_Networking_ARP 0000000004001116     Kernel.obj
 0001:00000121       __GetGCStaticBase_Kernel_OS_Sharp_Networking_Network 0000000004001121     Kernel.obj
 0001:0000012c       __GetGCStaticBase_Kernel_OS_Sharp_Networking_TCP 000000000400112c     Kernel.obj
 0001:00000137       __GetGCStaticBase_Kernel_OS_Sharp_FileSystem_File 0000000004001137     Kernel.obj
 0001:00000142       __GetGCStaticBase_Kernel_OS_Sharp_Driver_ACPI 0000000004001142     Kernel.obj
 0001:0000014d       __GetGCStaticBase_Kernel_OS_Sharp_Driver_IDE 000000000400114d     Kernel.obj
 0001:00000158       __GetGCStaticBase_Kernel_OS_Sharp_GUI_Form 0000000004001158     Kernel.obj
 0001:00000163       __GetGCStaticBase_Kernel_Kernel_ThreadPool 0000000004001163     Kernel.obj
 0001:0000016e       __GetGCStaticBase_Kernel_Kernel_GUI_Desktop 000000000400116e     Kernel.obj
 0001:00000179       __DelegateCtor_Kernel_System_Delegate__InitializeClosedInstance__Kernel_OS_Sharp_NES_NES__PS2Keyboard_OnKeyChangedHandler 0000000004001179     Kernel.obj
 0001:00000185       __DelegateCtor_Kernel_System_Delegate__InitializeClosedInstance__Kernel_OS_Sharp_GUI_FConsole__PS2Keyboard_OnKeyChanged 0000000004001185     Kernel.obj
 0001:00000191       __DelegateCtor_Kernel_System_Delegate__InitializeClosedInstance__Kernel_OS_Sharp_GUI_FConsole__Console_OnWrite 0000000004001191     Kernel.obj
 0001:000001a0       Movsb                      00000000040011a0 f   NativeLib:mem.obj
 0001:000001e0       Movsd                      00000000040011e0 f   NativeLib:mem.obj
 0001:00000220       Stosb                      0000000004001220 f   NativeLib:mem.obj
 0001:00000270       Stosd                      0000000004001270 f   NativeLib:mem.obj
 0001:000002c0       __JustMyCode_Default       00000000040012c0 f i NativeLib:mem.obj
 0001:000002d0       Load_GDT                   00000000040012d0 f   NativeLib:interrupts.obj
 0001:00000300       idt_set                    0000000004001300 f   NativeLib:interrupts.obj
 0001:000003e0       set_idt_entries            00000000040013e0 f   NativeLib:interrupts.obj
 0001:00002320       Cli                        0000000004003320 f   NativeLib:native.obj
 0001:00002350       Hlt                        0000000004003350 f   NativeLib:native.obj
 0001:00002380       Invlpg                     0000000004003380 f   NativeLib:native.obj
 0001:000023b0       Nop                        00000000040033b0 f   NativeLib:native.obj
 0001:000023d0       ReadCR2                    00000000040033d0 f   NativeLib:native.obj
 0001:000023f0       Sti                        00000000040033f0 f   NativeLib:native.obj
 0001:00002420       WriteCR3                   0000000004003420 f   NativeLib:native.obj
 0001:00002450       In16                       0000000004003450 f   NativeLib:io.obj
 0001:00002480       In32                       0000000004003480 f   NativeLib:io.obj
 0001:000024b0       In8                        00000000040034b0 f   NativeLib:io.obj
 0001:000024e0       Insb                       00000000040034e0 f   NativeLib:io.obj
 0001:00002520       Insd                       0000000004003520 f   NativeLib:io.obj
 0001:00002560       Insw                       0000000004003560 f   NativeLib:io.obj
 0001:000025a0       Out16                      00000000040035a0 f   NativeLib:io.obj
 0001:000025d0       Out32                      00000000040035d0 f   NativeLib:io.obj
 0001:00002600       Out8                       0000000004003600 f   NativeLib:io.obj
 0001:00002630       Outsb                      0000000004003630 f   NativeLib:io.obj
 0001:00002670       Outsd                      0000000004003670 f   NativeLib:io.obj
 0001:000026b0       Outsw                      00000000040036b0 f   NativeLib:io.obj
 0001:000026f0       isr0                       00000000040036f0 f   NativeLib:interrupts_asm.obj
 0001:000026fd       isr1                       00000000040036fd f   NativeLib:interrupts_asm.obj
 0001:0000270a       isr2                       000000000400370a f   NativeLib:interrupts_asm.obj
 0001:00002717       isr3                       0000000004003717 f   NativeLib:interrupts_asm.obj
 0001:00002724       isr4                       0000000004003724 f   NativeLib:interrupts_asm.obj
 0001:00002731       isr5                       0000000004003731 f   NativeLib:interrupts_asm.obj
 0001:0000273e       isr6                       000000000400373e f   NativeLib:interrupts_asm.obj
 0001:0000274b       isr7                       000000000400374b f   NativeLib:interrupts_asm.obj
 0001:00002758       isr8                       0000000004003758 f   NativeLib:interrupts_asm.obj
 0001:00002765       isr9                       0000000004003765 f   NativeLib:interrupts_asm.obj
 0001:00002772       isr10                      0000000004003772 f   NativeLib:interrupts_asm.obj
 0001:0000277f       isr11                      000000000400377f f   NativeLib:interrupts_asm.obj
 0001:0000278c       isr12                      000000000400378c f   NativeLib:interrupts_asm.obj
 0001:00002799       isr13                      0000000004003799 f   NativeLib:interrupts_asm.obj
 0001:000027a6       isr14                      00000000040037a6 f   NativeLib:interrupts_asm.obj
 0001:000027b3       isr15                      00000000040037b3 f   NativeLib:interrupts_asm.obj
 0001:000027c0       isr16                      00000000040037c0 f   NativeLib:interrupts_asm.obj
 0001:000027cd       isr17                      00000000040037cd f   NativeLib:interrupts_asm.obj
 0001:000027da       isr18                      00000000040037da f   NativeLib:interrupts_asm.obj
 0001:000027e7       isr19                      00000000040037e7 f   NativeLib:interrupts_asm.obj
 0001:000027f4       isr20                      00000000040037f4 f   NativeLib:interrupts_asm.obj
 0001:00002801       isr21                      0000000004003801 f   NativeLib:interrupts_asm.obj
 0001:0000280e       isr22                      000000000400380e f   NativeLib:interrupts_asm.obj
 0001:0000281b       isr23                      000000000400381b f   NativeLib:interrupts_asm.obj
 0001:00002828       isr24                      0000000004003828 f   NativeLib:interrupts_asm.obj
 0001:00002835       isr25                      0000000004003835 f   NativeLib:interrupts_asm.obj
 0001:00002842       isr26                      0000000004003842 f   NativeLib:interrupts_asm.obj
 0001:0000284f       isr27                      000000000400384f f   NativeLib:interrupts_asm.obj
 0001:0000285c       isr28                      000000000400385c f   NativeLib:interrupts_asm.obj
 0001:00002869       isr29                      0000000004003869 f   NativeLib:interrupts_asm.obj
 0001:00002876       isr30                      0000000004003876 f   NativeLib:interrupts_asm.obj
 0001:00002883       isr31                      0000000004003883 f   NativeLib:interrupts_asm.obj
 0001:00002890       isr128                     0000000004003890 f   NativeLib:interrupts_asm.obj
 0001:0000289d       irq0                       000000000400389d f   NativeLib:interrupts_asm.obj
 0001:000028df       irq1                       00000000040038df f   NativeLib:interrupts_asm.obj
 0001:00002921       irq2                       0000000004003921 f   NativeLib:interrupts_asm.obj
 0001:00002963       irq3                       0000000004003963 f   NativeLib:interrupts_asm.obj
 0001:000029a5       irq4                       00000000040039a5 f   NativeLib:interrupts_asm.obj
 0001:000029e7       irq5                       00000000040039e7 f   NativeLib:interrupts_asm.obj
 0001:00002a29       irq6                       0000000004003a29 f   NativeLib:interrupts_asm.obj
 0001:00002a6b       irq7                       0000000004003a6b f   NativeLib:interrupts_asm.obj
 0001:00002aad       irq8                       0000000004003aad f   NativeLib:interrupts_asm.obj
 0001:00002aef       irq9                       0000000004003aef f   NativeLib:interrupts_asm.obj
 0001:00002b31       irq10                      0000000004003b31 f   NativeLib:interrupts_asm.obj
 0001:00002b73       irq11                      0000000004003b73 f   NativeLib:interrupts_asm.obj
 0001:00002bb5       irq12                      0000000004003bb5 f   NativeLib:interrupts_asm.obj
 0001:00002bf7       irq13                      0000000004003bf7 f   NativeLib:interrupts_asm.obj
 0001:00002c39       irq14                      0000000004003c39 f   NativeLib:interrupts_asm.obj
 0001:00002c7b       irq15                      0000000004003c7b f   NativeLib:interrupts_asm.obj
 0001:00002cbd       irq16                      0000000004003cbd f   NativeLib:interrupts_asm.obj
 0001:00002cff       irq17                      0000000004003cff f   NativeLib:interrupts_asm.obj
 0001:00002d41       irq18                      0000000004003d41 f   NativeLib:interrupts_asm.obj
 0001:00002d83       irq19                      0000000004003d83 f   NativeLib:interrupts_asm.obj
 0001:00002dc5       irq20                      0000000004003dc5 f   NativeLib:interrupts_asm.obj
 0001:00002e07       irq21                      0000000004003e07 f   NativeLib:interrupts_asm.obj
 0001:00002e49       irq22                      0000000004003e49 f   NativeLib:interrupts_asm.obj
 0001:00002e8b       irq23                      0000000004003e8b f   NativeLib:interrupts_asm.obj
 0001:00002ecd       irq24                      0000000004003ecd f   NativeLib:interrupts_asm.obj
 0001:00002f0f       irq25                      0000000004003f0f f   NativeLib:interrupts_asm.obj
 0001:00002f51       irq26                      0000000004003f51 f   NativeLib:interrupts_asm.obj
 0001:00002f93       irq27                      0000000004003f93 f   NativeLib:interrupts_asm.obj
 0001:00002fd5       irq28                      0000000004003fd5 f   NativeLib:interrupts_asm.obj
 0001:00003017       irq29                      0000000004004017 f   NativeLib:interrupts_asm.obj
 0001:00003059       irq30                      0000000004004059 f   NativeLib:interrupts_asm.obj
 0001:0000309b       irq31                      000000000400409b f   NativeLib:interrupts_asm.obj
 0001:000030dd       irq32                      00000000040040dd f   NativeLib:interrupts_asm.obj
 0001:0000311f       irq33                      000000000400411f f   NativeLib:interrupts_asm.obj
 0001:00003161       irq34                      0000000004004161 f   NativeLib:interrupts_asm.obj
 0001:000031a3       irq35                      00000000040041a3 f   NativeLib:interrupts_asm.obj
 0001:000031e5       irq36                      00000000040041e5 f   NativeLib:interrupts_asm.obj
 0001:00003227       irq37                      0000000004004227 f   NativeLib:interrupts_asm.obj
 0001:00003269       irq38                      0000000004004269 f   NativeLib:interrupts_asm.obj
 0001:000032ab       irq39                      00000000040042ab f   NativeLib:interrupts_asm.obj
 0001:000032ed       irq40                      00000000040042ed f   NativeLib:interrupts_asm.obj
 0001:0000332f       irq41                      000000000400432f f   NativeLib:interrupts_asm.obj
 0001:00003371       irq42                      0000000004004371 f   NativeLib:interrupts_asm.obj
 0001:000033b3       irq43                      00000000040043b3 f   NativeLib:interrupts_asm.obj
 0001:000033f5       irq44                      00000000040043f5 f   NativeLib:interrupts_asm.obj
 0001:00003437       irq45                      0000000004004437 f   NativeLib:interrupts_asm.obj
 0001:00003479       irq46                      0000000004004479 f   NativeLib:interrupts_asm.obj
 0001:000034bb       irq47                      00000000040044bb f   NativeLib:interrupts_asm.obj
 0001:000034fd       irq48                      00000000040044fd f   NativeLib:interrupts_asm.obj
 0001:0000353f       irq49                      000000000400453f f   NativeLib:interrupts_asm.obj
 0001:00003581       irq50                      0000000004004581 f   NativeLib:interrupts_asm.obj
 0001:000035c3       irq51                      00000000040045c3 f   NativeLib:interrupts_asm.obj
 0001:00003605       irq52                      0000000004004605 f   NativeLib:interrupts_asm.obj
 0001:00003647       irq53                      0000000004004647 f   NativeLib:interrupts_asm.obj
 0001:00003689       irq54                      0000000004004689 f   NativeLib:interrupts_asm.obj
 0001:000036cb       irq55                      00000000040046cb f   NativeLib:interrupts_asm.obj
 0001:0000370d       irq56                      000000000400470d f   NativeLib:interrupts_asm.obj
 0001:0000374f       irq57                      000000000400474f f   NativeLib:interrupts_asm.obj
 0001:00003791       irq58                      0000000004004791 f   NativeLib:interrupts_asm.obj
 0001:000037d3       irq59                      00000000040047d3 f   NativeLib:interrupts_asm.obj
 0001:00003815       irq60                      0000000004004815 f   NativeLib:interrupts_asm.obj
 0001:00003857       irq61                      0000000004004857 f   NativeLib:interrupts_asm.obj
 0001:00003899       irq62                      0000000004004899 f   NativeLib:interrupts_asm.obj
 0001:000038db       irq63                      00000000040048db f   NativeLib:interrupts_asm.obj
 0001:0000391d       irq64                      000000000400491d f   NativeLib:interrupts_asm.obj
 0001:0000395f       irq65                      000000000400495f f   NativeLib:interrupts_asm.obj
 0001:000039a1       irq66                      00000000040049a1 f   NativeLib:interrupts_asm.obj
 0001:000039e3       irq67                      00000000040049e3 f   NativeLib:interrupts_asm.obj
 0001:00003a25       irq68                      0000000004004a25 f   NativeLib:interrupts_asm.obj
 0001:00003a67       irq69                      0000000004004a67 f   NativeLib:interrupts_asm.obj
 0001:00003aa9       irq70                      0000000004004aa9 f   NativeLib:interrupts_asm.obj
 0001:00003aeb       irq71                      0000000004004aeb f   NativeLib:interrupts_asm.obj
 0001:00003b2d       irq72                      0000000004004b2d f   NativeLib:interrupts_asm.obj
 0001:00003b6f       irq73                      0000000004004b6f f   NativeLib:interrupts_asm.obj
 0001:00003bb1       irq74                      0000000004004bb1 f   NativeLib:interrupts_asm.obj
 0001:00003bf3       irq75                      0000000004004bf3 f   NativeLib:interrupts_asm.obj
 0001:00003c35       irq76                      0000000004004c35 f   NativeLib:interrupts_asm.obj
 0001:00003c77       irq77                      0000000004004c77 f   NativeLib:interrupts_asm.obj
 0001:00003cb9       irq78                      0000000004004cb9 f   NativeLib:interrupts_asm.obj
 0001:00003cfb       irq79                      0000000004004cfb f   NativeLib:interrupts_asm.obj
 0001:00003d3d       irq80                      0000000004004d3d f   NativeLib:interrupts_asm.obj
 0001:00003d7f       irq81                      0000000004004d7f f   NativeLib:interrupts_asm.obj
 0001:00003dc1       irq82                      0000000004004dc1 f   NativeLib:interrupts_asm.obj
 0001:00003e03       irq83                      0000000004004e03 f   NativeLib:interrupts_asm.obj
 0001:00003e45       irq84                      0000000004004e45 f   NativeLib:interrupts_asm.obj
 0001:00003e87       irq85                      0000000004004e87 f   NativeLib:interrupts_asm.obj
 0001:00003ec9       irq86                      0000000004004ec9 f   NativeLib:interrupts_asm.obj
 0001:00003f0b       irq87                      0000000004004f0b f   NativeLib:interrupts_asm.obj
 0001:00003f4d       irq88                      0000000004004f4d f   NativeLib:interrupts_asm.obj
 0001:00003f8f       irq89                      0000000004004f8f f   NativeLib:interrupts_asm.obj
 0001:00003fd1       irq90                      0000000004004fd1 f   NativeLib:interrupts_asm.obj
 0001:00004013       irq91                      0000000004005013 f   NativeLib:interrupts_asm.obj
 0001:00004055       irq92                      0000000004005055 f   NativeLib:interrupts_asm.obj
 0001:00004097       irq93                      0000000004005097 f   NativeLib:interrupts_asm.obj
 0001:000040d9       irq94                      00000000040050d9 f   NativeLib:interrupts_asm.obj
 0001:0000411b       irq95                      000000000400511b f   NativeLib:interrupts_asm.obj
 0001:0000415d       irq96                      000000000400515d f   NativeLib:interrupts_asm.obj
 0001:0000419f       irq97                      000000000400519f f   NativeLib:interrupts_asm.obj
 0001:000041e1       irq98                      00000000040051e1 f   NativeLib:interrupts_asm.obj
 0001:00004223       irq99                      0000000004005223 f   NativeLib:interrupts_asm.obj
 0001:00004265       irq100                     0000000004005265 f   NativeLib:interrupts_asm.obj
 0001:000042a7       irq101                     00000000040052a7 f   NativeLib:interrupts_asm.obj
 0001:000042e9       irq102                     00000000040052e9 f   NativeLib:interrupts_asm.obj
 0001:0000432b       irq103                     000000000400532b f   NativeLib:interrupts_asm.obj
 0001:0000436d       irq104                     000000000400536d f   NativeLib:interrupts_asm.obj
 0001:000043af       irq105                     00000000040053af f   NativeLib:interrupts_asm.obj
 0001:000043f1       irq106                     00000000040053f1 f   NativeLib:interrupts_asm.obj
 0001:00004433       irq107                     0000000004005433 f   NativeLib:interrupts_asm.obj
 0001:00004475       irq108                     0000000004005475 f   NativeLib:interrupts_asm.obj
 0001:000044b7       irq109                     00000000040054b7 f   NativeLib:interrupts_asm.obj
 0001:000044f9       irq110                     00000000040054f9 f   NativeLib:interrupts_asm.obj
 0001:0000453b       irq111                     000000000400553b f   NativeLib:interrupts_asm.obj
 0001:0000457d       irq112                     000000000400557d f   NativeLib:interrupts_asm.obj
 0001:000045bf       irq113                     00000000040055bf f   NativeLib:interrupts_asm.obj
 0001:00004601       irq114                     0000000004005601 f   NativeLib:interrupts_asm.obj
 0001:00004643       irq115                     0000000004005643 f   NativeLib:interrupts_asm.obj
 0001:00004685       irq116                     0000000004005685 f   NativeLib:interrupts_asm.obj
 0001:000046c7       irq117                     00000000040056c7 f   NativeLib:interrupts_asm.obj
 0001:00004709       irq118                     0000000004005709 f   NativeLib:interrupts_asm.obj
 0001:0000474b       irq119                     000000000400574b f   NativeLib:interrupts_asm.obj
 0001:0000478d       irq120                     000000000400578d f   NativeLib:interrupts_asm.obj
 0001:000047cf       irq121                     00000000040057cf f   NativeLib:interrupts_asm.obj
 0001:00004811       irq122                     0000000004005811 f   NativeLib:interrupts_asm.obj
 0001:00004853       irq123                     0000000004005853 f   NativeLib:interrupts_asm.obj
 0001:00004895       irq124                     0000000004005895 f   NativeLib:interrupts_asm.obj
 0001:000048d7       irq125                     00000000040058d7 f   NativeLib:interrupts_asm.obj
 0001:00004919       irq126                     0000000004005919 f   NativeLib:interrupts_asm.obj
 0001:0000495b       irq127                     000000000400595b f   NativeLib:interrupts_asm.obj
 0001:0000499d       irq128                     000000000400599d f   NativeLib:interrupts_asm.obj
 0001:000049df       irq129                     00000000040059df f   NativeLib:interrupts_asm.obj
 0001:00004a21       irq130                     0000000004005a21 f   NativeLib:interrupts_asm.obj
 0001:00004a63       irq131                     0000000004005a63 f   NativeLib:interrupts_asm.obj
 0001:00004aa5       irq132                     0000000004005aa5 f   NativeLib:interrupts_asm.obj
 0001:00004ae7       irq133                     0000000004005ae7 f   NativeLib:interrupts_asm.obj
 0001:00004b29       irq134                     0000000004005b29 f   NativeLib:interrupts_asm.obj
 0001:00004b6b       irq135                     0000000004005b6b f   NativeLib:interrupts_asm.obj
 0001:00004bad       irq136                     0000000004005bad f   NativeLib:interrupts_asm.obj
 0001:00004bef       irq137                     0000000004005bef f   NativeLib:interrupts_asm.obj
 0001:00004c31       irq138                     0000000004005c31 f   NativeLib:interrupts_asm.obj
 0001:00004c73       irq139                     0000000004005c73 f   NativeLib:interrupts_asm.obj
 0001:00004cb5       irq140                     0000000004005cb5 f   NativeLib:interrupts_asm.obj
 0001:00004cf7       irq141                     0000000004005cf7 f   NativeLib:interrupts_asm.obj
 0001:00004d39       irq142                     0000000004005d39 f   NativeLib:interrupts_asm.obj
 0001:00004d7b       irq143                     0000000004005d7b f   NativeLib:interrupts_asm.obj
 0001:00004dbd       irq144                     0000000004005dbd f   NativeLib:interrupts_asm.obj
 0001:00004dff       irq145                     0000000004005dff f   NativeLib:interrupts_asm.obj
 0001:00004e41       irq146                     0000000004005e41 f   NativeLib:interrupts_asm.obj
 0001:00004e83       irq147                     0000000004005e83 f   NativeLib:interrupts_asm.obj
 0001:00004ec5       irq148                     0000000004005ec5 f   NativeLib:interrupts_asm.obj
 0001:00004f07       irq149                     0000000004005f07 f   NativeLib:interrupts_asm.obj
 0001:00004f49       irq150                     0000000004005f49 f   NativeLib:interrupts_asm.obj
 0001:00004f8b       irq151                     0000000004005f8b f   NativeLib:interrupts_asm.obj
 0001:00004fcd       irq152                     0000000004005fcd f   NativeLib:interrupts_asm.obj
 0001:0000500f       irq153                     000000000400600f f   NativeLib:interrupts_asm.obj
 0001:00005051       irq154                     0000000004006051 f   NativeLib:interrupts_asm.obj
 0001:00005093       irq155                     0000000004006093 f   NativeLib:interrupts_asm.obj
 0001:000050d5       irq156                     00000000040060d5 f   NativeLib:interrupts_asm.obj
 0001:00005117       irq157                     0000000004006117 f   NativeLib:interrupts_asm.obj
 0001:00005159       irq158                     0000000004006159 f   NativeLib:interrupts_asm.obj
 0001:0000519b       irq159                     000000000400619b f   NativeLib:interrupts_asm.obj
 0001:000051dd       irq160                     00000000040061dd f   NativeLib:interrupts_asm.obj
 0001:0000521f       irq161                     000000000400621f f   NativeLib:interrupts_asm.obj
 0001:00005261       irq162                     0000000004006261 f   NativeLib:interrupts_asm.obj
 0001:000052a3       irq163                     00000000040062a3 f   NativeLib:interrupts_asm.obj
 0001:000052e5       irq164                     00000000040062e5 f   NativeLib:interrupts_asm.obj
 0001:00005327       irq165                     0000000004006327 f   NativeLib:interrupts_asm.obj
 0001:00005369       irq166                     0000000004006369 f   NativeLib:interrupts_asm.obj
 0001:000053ab       irq167                     00000000040063ab f   NativeLib:interrupts_asm.obj
 0001:000053ed       irq168                     00000000040063ed f   NativeLib:interrupts_asm.obj
 0001:0000542f       irq169                     000000000400642f f   NativeLib:interrupts_asm.obj
 0001:00005471       irq170                     0000000004006471 f   NativeLib:interrupts_asm.obj
 0001:000054b3       irq171                     00000000040064b3 f   NativeLib:interrupts_asm.obj
 0001:000054f5       irq172                     00000000040064f5 f   NativeLib:interrupts_asm.obj
 0001:00005537       irq173                     0000000004006537 f   NativeLib:interrupts_asm.obj
 0001:00005579       irq174                     0000000004006579 f   NativeLib:interrupts_asm.obj
 0001:000055bb       irq175                     00000000040065bb f   NativeLib:interrupts_asm.obj
 0001:000055fd       irq176                     00000000040065fd f   NativeLib:interrupts_asm.obj
 0001:0000563f       irq177                     000000000400663f f   NativeLib:interrupts_asm.obj
 0001:00005681       irq178                     0000000004006681 f   NativeLib:interrupts_asm.obj
 0001:000056c3       irq179                     00000000040066c3 f   NativeLib:interrupts_asm.obj
 0001:00005705       irq180                     0000000004006705 f   NativeLib:interrupts_asm.obj
 0001:00005747       irq181                     0000000004006747 f   NativeLib:interrupts_asm.obj
 0001:00005789       irq182                     0000000004006789 f   NativeLib:interrupts_asm.obj
 0001:000057cb       irq183                     00000000040067cb f   NativeLib:interrupts_asm.obj
 0001:0000580d       irq184                     000000000400680d f   NativeLib:interrupts_asm.obj
 0001:0000584f       irq185                     000000000400684f f   NativeLib:interrupts_asm.obj
 0001:00005891       irq186                     0000000004006891 f   NativeLib:interrupts_asm.obj
 0001:000058d3       irq187                     00000000040068d3 f   NativeLib:interrupts_asm.obj
 0001:00005915       irq188                     0000000004006915 f   NativeLib:interrupts_asm.obj
 0001:00005957       irq189                     0000000004006957 f   NativeLib:interrupts_asm.obj
 0001:00005999       irq190                     0000000004006999 f   NativeLib:interrupts_asm.obj
 0001:000059db       irq191                     00000000040069db f   NativeLib:interrupts_asm.obj
 0001:00005a1d       irq192                     0000000004006a1d f   NativeLib:interrupts_asm.obj
 0001:00005a5f       irq193                     0000000004006a5f f   NativeLib:interrupts_asm.obj
 0001:00005aa1       irq194                     0000000004006aa1 f   NativeLib:interrupts_asm.obj
 0001:00005ae3       irq195                     0000000004006ae3 f   NativeLib:interrupts_asm.obj
 0001:00005b25       irq196                     0000000004006b25 f   NativeLib:interrupts_asm.obj
 0001:00005b67       irq197                     0000000004006b67 f   NativeLib:interrupts_asm.obj
 0001:00005ba9       irq198                     0000000004006ba9 f   NativeLib:interrupts_asm.obj
 0001:00005beb       irq199                     0000000004006beb f   NativeLib:interrupts_asm.obj
 0001:00005c2d       irq200                     0000000004006c2d f   NativeLib:interrupts_asm.obj
 0001:00005c6f       irq201                     0000000004006c6f f   NativeLib:interrupts_asm.obj
 0001:00005cb1       irq202                     0000000004006cb1 f   NativeLib:interrupts_asm.obj
 0001:00005cf3       irq203                     0000000004006cf3 f   NativeLib:interrupts_asm.obj
 0001:00005d35       irq204                     0000000004006d35 f   NativeLib:interrupts_asm.obj
 0001:00005d77       irq205                     0000000004006d77 f   NativeLib:interrupts_asm.obj
 0001:00005db9       irq206                     0000000004006db9 f   NativeLib:interrupts_asm.obj
 0001:00005dfb       irq207                     0000000004006dfb f   NativeLib:interrupts_asm.obj
 0001:00005e3d       irq208                     0000000004006e3d f   NativeLib:interrupts_asm.obj
 0001:00005e7f       irq209                     0000000004006e7f f   NativeLib:interrupts_asm.obj
 0001:00005ec1       irq210                     0000000004006ec1 f   NativeLib:interrupts_asm.obj
 0001:00005f03       irq211                     0000000004006f03 f   NativeLib:interrupts_asm.obj
 0001:00005f45       irq212                     0000000004006f45 f   NativeLib:interrupts_asm.obj
 0001:00005f87       irq213                     0000000004006f87 f   NativeLib:interrupts_asm.obj
 0001:00005fc9       irq214                     0000000004006fc9 f   NativeLib:interrupts_asm.obj
 0001:0000600b       irq215                     000000000400700b f   NativeLib:interrupts_asm.obj
 0001:0000604d       irq216                     000000000400704d f   NativeLib:interrupts_asm.obj
 0001:0000608f       irq217                     000000000400708f f   NativeLib:interrupts_asm.obj
 0001:000060d1       irq218                     00000000040070d1 f   NativeLib:interrupts_asm.obj
 0001:00006113       irq219                     0000000004007113 f   NativeLib:interrupts_asm.obj
 0001:00006155       irq220                     0000000004007155 f   NativeLib:interrupts_asm.obj
 0001:00006197       irq221                     0000000004007197 f   NativeLib:interrupts_asm.obj
 0001:000061d9       irq222                     00000000040071d9 f   NativeLib:interrupts_asm.obj
 0001:0000621b       irq223                     000000000400721b f   NativeLib:interrupts_asm.obj
 0001:0000625d       _reload_segreg             000000000400725d f   NativeLib:interrupts_asm.obj
 0001:00006284       Load_IDT                   0000000004007284 f   NativeLib:interrupts_asm.obj
 0001:00006288       _cli                       0000000004007288 f   NativeLib:interrupts_asm.obj
 0001:0000628a       _sti                       000000000400728a f   NativeLib:interrupts_asm.obj
 0001:0000628c       _hlt                       000000000400728c f   NativeLib:interrupts_asm.obj
 0001:0000628e       _inttest                   000000000400728e f   NativeLib:interrupts_asm.obj
 0001:00006298       _iretq                     0000000004007298 f   NativeLib:interrupts_asm.obj
 0001:000062b3       _int20h                    00000000040072b3 f   NativeLib:interrupts_asm.obj
 0001:00011710       lodepng_add_itext          0000000004012710 f   NativeLib:lodepng.obj
 0001:00011950       lodepng_add_text           0000000004012950 f   NativeLib:lodepng.obj
 0001:00011c10       lodepng_can_have_alpha     0000000004012c10 f   NativeLib:lodepng.obj
 0001:00011c70       lodepng_chunk_ancillary    0000000004012c70 f   NativeLib:lodepng.obj
 0001:00011cc0       lodepng_chunk_append       0000000004012cc0 f   NativeLib:lodepng.obj
 0001:00011de0       lodepng_chunk_check_crc    0000000004012de0 f   NativeLib:lodepng.obj
 0001:00011e70       lodepng_chunk_create       0000000004012e70 f   NativeLib:lodepng.obj
 0001:00011fa0       lodepng_chunk_data         0000000004012fa0 f   NativeLib:lodepng.obj
 0001:00011fe0       lodepng_chunk_data_const   0000000004012fe0 f   NativeLib:lodepng.obj
 0001:00012020       lodepng_chunk_find         0000000004013020 f   NativeLib:lodepng.obj
 0001:000120a0       lodepng_chunk_find_const   00000000040130a0 f   NativeLib:lodepng.obj
 0001:00012120       lodepng_chunk_generate_crc 0000000004013120 f   NativeLib:lodepng.obj
 0001:00012270       lodepng_chunk_length       0000000004013270 f   NativeLib:lodepng.obj
 0001:000122b0       lodepng_chunk_next         00000000040132b0 f   NativeLib:lodepng.obj
 0001:00012410       lodepng_chunk_next_const   0000000004013410 f   NativeLib:lodepng.obj
 0001:00012570       lodepng_chunk_private      0000000004013570 f   NativeLib:lodepng.obj
 0001:000125c0       lodepng_chunk_safetocopy   00000000040135c0 f   NativeLib:lodepng.obj
 0001:00012610       lodepng_chunk_type         0000000004013610 f   NativeLib:lodepng.obj
 0001:00012680       lodepng_chunk_type_equals  0000000004013680 f   NativeLib:lodepng.obj
 0001:00012770       lodepng_clear_icc          0000000004013770 f   NativeLib:lodepng.obj
 0001:000127e0       lodepng_clear_itext        00000000040137e0 f   NativeLib:lodepng.obj
 0001:00012810       lodepng_clear_text         0000000004013810 f   NativeLib:lodepng.obj
 0001:000128f0       lodepng_color_mode_cleanup 00000000040138f0 f   NativeLib:lodepng.obj
 0001:00012920       lodepng_color_mode_copy    0000000004013920 f   NativeLib:lodepng.obj
 0001:00012b00       lodepng_color_mode_init    0000000004013b00 f   NativeLib:lodepng.obj
 0001:00012b80       lodepng_color_mode_make    0000000004013b80 f   NativeLib:lodepng.obj
 0001:00012d20       lodepng_color_stats_init   0000000004013d20 f   NativeLib:lodepng.obj
 0001:00012dd0       lodepng_compress_settings_init 0000000004013dd0 f   NativeLib:lodepng.obj
 0001:00012e60       lodepng_compute_color_stats 0000000004013e60 f   NativeLib:lodepng.obj
 0001:00013d30       lodepng_convert            0000000004014d30 f   NativeLib:lodepng.obj
 0001:00014270       lodepng_convert_rgb        0000000004015270 f   NativeLib:lodepng.obj
 0001:000145b0       lodepng_crc32              00000000040155b0 f   NativeLib:lodepng.obj
 0001:00014640       lodepng_decode             0000000004015640 f   NativeLib:lodepng.obj
 0001:00014830       lodepng_decode24           0000000004015830 f   NativeLib:lodepng.obj
 0001:000148a0       lodepng_decode32           00000000040158a0 f   NativeLib:lodepng.obj
 0001:00014910       lodepng_decode_memory      0000000004015910 f   NativeLib:lodepng.obj
 0001:000149e0       lodepng_decoder_settings_init 00000000040159e0 f   NativeLib:lodepng.obj
 0001:00014a70       lodepng_decompress_settings_init 0000000004015a70 f   NativeLib:lodepng.obj
 0001:00014ae0       lodepng_deflate            0000000004015ae0 f   NativeLib:lodepng.obj
 0001:00014df0       lodepng_encode             0000000004015df0 f   NativeLib:lodepng.obj
 0001:00015df0       lodepng_encode24           0000000004016df0 f   NativeLib:lodepng.obj
 0001:00015e50       lodepng_encode32           0000000004016e50 f   NativeLib:lodepng.obj
 0001:00015eb0       lodepng_encode_memory      0000000004016eb0 f   NativeLib:lodepng.obj
 0001:00015f70       lodepng_encoder_settings_init 0000000004016f70 f   NativeLib:lodepng.obj
 0001:00015ff0       lodepng_error_text         0000000004016ff0 f   NativeLib:lodepng.obj
 0001:000166c0       lodepng_get_bpp            00000000040176c0 f   NativeLib:lodepng.obj
 0001:00016730       lodepng_get_channels       0000000004017730 f   NativeLib:lodepng.obj
 0001:00016760       lodepng_get_raw_size       0000000004017760 f   NativeLib:lodepng.obj
 0001:00016940       lodepng_has_palette_alpha  0000000004017940 f   NativeLib:lodepng.obj
 0001:000169b0       lodepng_huffman_code_lengths 00000000040179b0 f   NativeLib:lodepng.obj
 0001:00016e00       lodepng_inflate            0000000004017e00 f   NativeLib:lodepng.obj
 0001:00017010       lodepng_info_cleanup       0000000004018010 f   NativeLib:lodepng.obj
 0001:00017070       lodepng_info_copy          0000000004018070 f   NativeLib:lodepng.obj
 0001:000171a0       lodepng_info_init          00000000040181a0 f   NativeLib:lodepng.obj
 0001:000172b0       lodepng_inspect            00000000040182b0 f   NativeLib:lodepng.obj
 0001:00017700       lodepng_inspect_chunk      0000000004018700 f   NativeLib:lodepng.obj
 0001:00017b20       lodepng_is_alpha_type      0000000004018b20 f   NativeLib:lodepng.obj
 0001:00017b70       lodepng_is_greyscale_type  0000000004018b70 f   NativeLib:lodepng.obj
 0001:00017bc0       lodepng_is_palette_type    0000000004018bc0 f   NativeLib:lodepng.obj
 0001:00017d70       lodepng_palette_add        0000000004018d70 f   NativeLib:lodepng.obj
 0001:00017e60       lodepng_palette_clear      0000000004018e60 f   NativeLib:lodepng.obj
 0001:00018180       lodepng_set_icc            0000000004019180 f   NativeLib:lodepng.obj
 0001:000181f0       lodepng_state_cleanup      00000000040191f0 f   NativeLib:lodepng.obj
 0001:00018240       lodepng_state_copy         0000000004019240 f   NativeLib:lodepng.obj
 0001:00018310       lodepng_state_init         0000000004019310 f   NativeLib:lodepng.obj
 0001:000183d0       lodepng_zlib_compress      00000000040193d0 f   NativeLib:lodepng.obj
 0001:000185c0       lodepng_zlib_decompress    00000000040195c0 f   NativeLib:lodepng.obj
 0001:0001d600       printf                     000000000401e600 f   NativeLib:printf.obj
 0001:0001d680       sprintf                    000000000401e680 f   NativeLib:printf.obj
 0001:0001d6e0       vsnprintf                  000000000401e6e0 f   NativeLib:printf.obj
 0002:00000000       Kernel_Allocator__GetPageIndexStart 000000000401f000     Kernel.obj
 0002:00000060       Kernel_Allocator__Free     000000000401f060     Kernel.obj
 0002:00000170       Kernel_Allocator__get_MemoryInUse 000000000401f170     Kernel.obj
 0002:00000190       Kernel_Allocator__Initialize 000000000401f190     Kernel.obj
 0002:00000240       Kernel_Allocator__Allocate 000000000401f240     Kernel.obj
 0002:00000390       Kernel_Allocator__Reallocate 000000000401f390     Kernel.obj
 0002:00000490       Kernel_ConsoleColor__get_Red 000000000401f490     Kernel.obj
 0002:000004c0       Kernel_ConsoleColor__get_Green 000000000401f4c0     Kernel.obj
 0002:000004f0       Kernel_ConsoleColor__get_White 000000000401f4f0     Kernel.obj
 0002:00000520       Kernel_GDT__Initialize     000000000401f520     Kernel.obj
 0002:00000600       Kernel_IDT__Initialize     000000000401f600     Kernel.obj
 0002:00000700       Kernel_IDT__ExceptionHandler 000000000401f700     Kernel.obj
 0002:00000700       exception_handler          000000000401f700     Kernel.obj
 0002:00000860       irq_handler                000000000401f860     Kernel.obj
 0002:00000860       Kernel_IDT__IRQHandler     000000000401f860     Kernel.obj
 0002:00000ac0       Kernel_Native__Load_GDT    000000000401fac0     Kernel.obj
 0002:00000b20       Kernel_Native__Load_IDT    000000000401fb20     Kernel.obj
 0002:00000b80       Kernel_System_Delegate__InitializeClosedInstance 000000000401fb80     Kernel.obj
 0002:00000bb0       Int64__ToString            000000000401fbb0     Kernel.obj
 0002:00000ca0       Kernel_System_Array__NewMultiDimArray 000000000401fca0     Kernel.obj
 0002:00000d40       Kernel_System_Convert__ToUInt16 000000000401fd40     Kernel.obj
 0002:00000d50       Kernel_System_Convert__ToInt16 000000000401fd50     Kernel.obj
 0002:00000d60       Kernel_System_Convert__ToInt16_0 000000000401fd60     Kernel.obj
 0002:00000d70       Kernel_System_Convert__ToByte 000000000401fd70     Kernel.obj
 0002:00000d80       Kernel_System_Convert__ToByte_0 000000000401fd80     Kernel.obj
 0002:00000d90       Kernel_System_Convert__ToInt32 000000000401fd90     Kernel.obj
 0002:00000da0       Object___ctor              000000000401fda0     Kernel.obj
 0002:00000db0       Object__Dispose            000000000401fdb0     Kernel.obj
 0002:00000dd0       String__FromASCII          000000000401fdd0     Kernel.obj
 0002:00000e60       String__FromASCII_0        000000000401fe60     Kernel.obj
 0002:00000f20       String__ToLower            000000000401ff20     Kernel.obj
 0002:00000f90       String__Ctor_1             000000000401ff90     Kernel.obj
 0002:00001080       String__Ctor_2             0000000004020080     Kernel.obj
 0002:00001140       String__Ctor_3             0000000004020140     Kernel.obj
 0002:00001190       String__Equals_0           0000000004020190     Kernel.obj
 0002:000011e0       String__Concat             00000000040201e0     Kernel.obj
 0002:000012d0       String__IndexOf            00000000040202d0     Kernel.obj
 0002:00001300       String__Concat_1           0000000004020300     Kernel.obj
 0002:00001360       String__Concat_2           0000000004020360     Kernel.obj
 0002:000013d0       UInt64__ToString           00000000040203d0     Kernel.obj
 0002:000014a0       UInt64__ToStringHex        00000000040204a0     Kernel.obj
 0002:00001550       Kernel_System_Runtime_TypeCast__CheckCastClass 0000000004020550     Kernel.obj
 0002:00001550       RhTypeCast_CheckCastClass  0000000004020550     Kernel.obj
 0002:00001580       RhTypeCast_CheckCastArray  0000000004020580     Kernel.obj
 0002:00001580       Kernel_System_Runtime_TypeCast__CheckCastArray 0000000004020580     Kernel.obj
 0002:000015b0       RhTypeCast_IsInstanceOfArray 00000000040205b0     Kernel.obj
 0002:000015b0       Kernel_System_Runtime_TypeCast__IsInstanceOfArray 00000000040205b0     Kernel.obj
 0002:000015f0       Kernel_System_Drawing_Image___ctor_0 00000000040205f0     Kernel.obj
 0002:00001600       Kernel_System_Drawing_Image__Dispose 0000000004020600     Kernel.obj
 0002:00001630       Kernel_Internal_Runtime_CompilerHelpers_ArrayHelpers__NewObjArray 0000000004020630     Kernel.obj
 0002:00001780       __imp_GetCurrentThreadId   0000000004020780     Kernel.obj
 0002:00001780       Kernel_Internal_Runtime_CompilerHelpers_StartupCodeHelpers____imp_GetCurrentThreadId 0000000004020780     Kernel.obj
 0002:00001790       __CheckForDebuggerJustMyCode 0000000004020790     Kernel.obj
 0002:00001790       Kernel_Internal_Runtime_CompilerHelpers_StartupCodeHelpers____CheckForDebuggerJustMyCode 0000000004020790     Kernel.obj
 0002:000017a0       __fail_fast                00000000040207a0     Kernel.obj
 0002:000017a0       Kernel_Internal_Runtime_CompilerHelpers_StartupCodeHelpers__FailFast 00000000040207a0     Kernel.obj
 0002:000017b0       Kernel_Internal_Runtime_CompilerHelpers_StartupCodeHelpers__MemSet 00000000040207b0     Kernel.obj
 0002:000017b0       memset                     00000000040207b0     Kernel.obj
 0002:000017d0       Kernel_Internal_Runtime_CompilerHelpers_StartupCodeHelpers__MemCpy 00000000040207d0     Kernel.obj
 0002:000017d0       memcpy                     00000000040207d0     Kernel.obj
 0002:000017f0       Kernel_Internal_Runtime_CompilerHelpers_StartupCodeHelpers__RhpFallbackFailFast 00000000040207f0     Kernel.obj
 0002:000017f0       RhpFallbackFailFast        00000000040207f0     Kernel.obj
 0002:00001800       Kernel_Internal_Runtime_CompilerHelpers_StartupCodeHelpers__RhpReversePInvoke2 0000000004020800     Kernel.obj
 0002:00001800       RhpReversePInvoke2         0000000004020800     Kernel.obj
 0002:00001810       RhpReversePInvokeReturn2   0000000004020810     Kernel.obj
 0002:00001810       Kernel_Internal_Runtime_CompilerHelpers_StartupCodeHelpers__RhpReversePInvokeReturn2 0000000004020810     Kernel.obj
 0002:00001820       Kernel_Internal_Runtime_CompilerHelpers_StartupCodeHelpers__RhpReversePInvoke 0000000004020820     Kernel.obj
 0002:00001820       RhpReversePInvoke          0000000004020820     Kernel.obj
 0002:00001830       RhpReversePInvokeReturn    0000000004020830     Kernel.obj
 0002:00001830       Kernel_Internal_Runtime_CompilerHelpers_StartupCodeHelpers__RhpReversePInvokeReturn 0000000004020830     Kernel.obj
 0002:00001840       RhpPInvoke                 0000000004020840     Kernel.obj
 0002:00001840       Kernel_Internal_Runtime_CompilerHelpers_StartupCodeHelpers__RhpPinvoke 0000000004020840     Kernel.obj
 0002:00001850       RhpPInvokeReturn           0000000004020850     Kernel.obj
 0002:00001850       Kernel_Internal_Runtime_CompilerHelpers_StartupCodeHelpers__RhpPinvokeReturn 0000000004020850     Kernel.obj
 0002:00001860       RhpNewFast                 0000000004020860     Kernel.obj
 0002:00001860       Kernel_Internal_Runtime_CompilerHelpers_StartupCodeHelpers__RhpNewFast 0000000004020860     Kernel.obj
 0002:00001910       RhpNewArray                0000000004020910     Kernel.obj
 0002:00001910       Kernel_Internal_Runtime_CompilerHelpers_StartupCodeHelpers__RhpNewArray 0000000004020910     Kernel.obj
 0002:00001a20       RhpAssignRef               0000000004020a20     Kernel.obj
 0002:00001a20       Kernel_Internal_Runtime_CompilerHelpers_StartupCodeHelpers__RhpAssignRef 0000000004020a20     Kernel.obj
 0002:00001a30       RhpByRefAssignRef          0000000004020a30     Kernel.obj
 0002:00001a30       Kernel_Internal_Runtime_CompilerHelpers_StartupCodeHelpers__RhpByRefAssignRef 0000000004020a30     Kernel.obj
 0002:00001a40       Kernel_Internal_Runtime_CompilerHelpers_StartupCodeHelpers__RhpCheckedAssignRef 0000000004020a40     Kernel.obj
 0002:00001a40       RhpCheckedAssignRef        0000000004020a40     Kernel.obj
 0002:00001a50       RhpStelemRef               0000000004020a50     Kernel.obj
 0002:00001a50       Kernel_Internal_Runtime_CompilerHelpers_StartupCodeHelpers__RhpStelemRef 0000000004020a50     Kernel.obj
 0002:00001a90       RhTypeCast_IsInstanceOfClass 0000000004020a90     Kernel.obj
 0002:00001a90       Kernel_Internal_Runtime_CompilerHelpers_StartupCodeHelpers__RhTypeCast_IsInstanceOfClass 0000000004020a90     Kernel.obj
 0002:00001ac0       Kernel_Internal_Runtime_CompilerHelpers_StartupCodeHelpers__InitializeModules 0000000004020ac0     Kernel.obj
 0002:00001b30       Kernel_Internal_Runtime_CompilerHelpers_StartupCodeHelpers__InitializeStatics 0000000004020b30     Kernel.obj
 0002:00001bd0       Kernel_Internal_Runtime_CompilerHelpers_SynchronizedMethodHelpers__MonitorEnterStatic 0000000004020bd0     Kernel.obj
 0002:00001be0       Kernel_Internal_Runtime_CompilerHelpers_SynchronizedMethodHelpers__MonitorExitStatic 0000000004020be0     Kernel.obj
 0002:00001bf0       Kernel_Internal_Runtime_CompilerHelpers_ThrowHelpers__ThrowOverflowException 0000000004020bf0     Kernel.obj
 0002:00001c00       Kernel_Internal_Runtime_CompilerHelpers_ThrowHelpers__ThrowIndexOutOfRangeException 0000000004020c00     Kernel.obj
 0002:00001c10       Main                       0000000004020c10     Kernel.obj
 0002:00001c10       Kernel_OS_Sharp_Program__Main_0 0000000004020c10     Kernel.obj
 0002:00002050       Kernel_OS_Sharp_Program__KMain 0000000004021050     Kernel.obj
 0002:00002200       Kernel_OS_Sharp_Program__InitMsg 0000000004021200     Kernel.obj
 0002:00002290       Kernel_OS_Sharp_AC97__OnInterrupt 0000000004021290     Kernel.obj
 0002:00002350       Kernel_OS_Sharp_Framebuffer__set_TripleBuffered 0000000004021350     Kernel.obj
 0002:000023a0       Kernel_OS_Sharp_Framebuffer__Update 00000000040213a0     Kernel.obj
 0002:00002460       Kernel_OS_Sharp_Framebuffer__SetVideoMode 0000000004021460     Kernel.obj
 0002:00002550       Kernel_OS_Sharp_Framebuffer__Clear 0000000004021550     Kernel.obj
 0002:000025d0       Kernel_OS_Sharp_Framebuffer__Fill 00000000040215d0     Kernel.obj
 0002:00002640       Kernel_OS_Sharp_Framebuffer__DrawPoint 0000000004021640     Kernel.obj
 0002:000026a0       Kernel_OS_Sharp_Framebuffer__GetPoint 00000000040216a0     Kernel.obj
 0002:00002710       Kernel_OS_Sharp_Framebuffer__DrawImage 0000000004021710     Kernel.obj
 0002:000028a0       Kernel_OS_Sharp_PCIDevice___ctor 00000000040218a0     Kernel.obj
 0002:000028b0       Kernel_OS_Sharp_PCI__Initialize 00000000040218b0     Kernel.obj
 0002:000029b0       Kernel_OS_Sharp_PCI__CheckBus 00000000040219b0     Kernel.obj
 0002:00003100       Kernel_OS_Sharp_PCI__GetHeaderType 0000000004022100     Kernel.obj
 0002:000031b0       Kernel_OS_Sharp_PIC__Disable 00000000040221b0     Kernel.obj
 0002:000033a0       Kernel_OS_Sharp_PIT__Initialize 00000000040223a0     Kernel.obj
 0002:000034a0       Kernel_OS_Sharp_PIT__Wait  00000000040224a0     Kernel.obj
 0002:00003510       Kernel_OS_Sharp_PS2Keyboard__add_OnKeyChanged 0000000004022510     Kernel.obj
 0002:000035a0       Kernel_OS_Sharp_PS2Keyboard__Initialize 00000000040225a0     Kernel.obj
 0002:00003a50       Kernel_OS_Sharp_PS2Keyboard__CleanKeyInfo 0000000004022a50     Kernel.obj
 0002:00003a80       Kernel_OS_Sharp_PS2Keyboard__ProcessKey 0000000004022a80     Kernel.obj
 0002:00003cb0       Kernel_OS_Sharp_PS2Mouse__Initialize 0000000004022cb0     Kernel.obj
 0002:00003ef0       Kernel_OS_Sharp_PS2Mouse__WriteRegister 0000000004022ef0     Kernel.obj
 0002:00003fe0       Kernel_OS_Sharp_PS2Mouse__OnInterrupt 0000000004022fe0     Kernel.obj
 0002:00004190       Kernel_OS_Sharp_RTC__get_Second 0000000004023190     Kernel.obj
 0002:00004230       Kernel_OS_Sharp_SATA__Initialize 0000000004023230     Kernel.obj
 0002:000044d0       Kernel_OS_Sharp_SATA__CheckPortType 00000000040234d0     Kernel.obj
 0002:00004540       Kernel_OS_Sharp_Serial__Initialize 0000000004023540     Kernel.obj
 0002:000046b0       Kernel_OS_Sharp_Serial__Write 00000000040236b0     Kernel.obj
 0002:00004700       Kernel_OS_Sharp_Serial__Write_0 0000000004023700     Kernel.obj
 0002:00004790       Kernel_OS_Sharp_ASC16__DrawChar 0000000004023790     Kernel.obj
 0002:00004820       Kernel_OS_Sharp_Console__add_OnWrite 0000000004023820     Kernel.obj
 0002:000048b0       Kernel_OS_Sharp_Console__Initialize 00000000040238b0     Kernel.obj
 0002:00004950       Kernel_OS_Sharp_Console__EnableCursor 0000000004023950     Kernel.obj
 0002:00004a90       Kernel_OS_Sharp_Console__Write 0000000004023a90     Kernel.obj
 0002:00004ae0       Kernel_OS_Sharp_Console__Back 0000000004023ae0     Kernel.obj
 0002:00004b50       Kernel_OS_Sharp_Console__ResetColor 0000000004023b50     Kernel.obj
 0002:00004b70       Kernel_OS_Sharp_Console__Write_0 0000000004023b70     Kernel.obj
 0002:00004bf0       Kernel_OS_Sharp_Console__WriteFramebuffer 0000000004023bf0     Kernel.obj
 0002:00004ca0       Kernel_OS_Sharp_Console__ReadKey 0000000004023ca0     Kernel.obj
 0002:00004d60       Kernel_OS_Sharp_Console__MoveUp 0000000004023d60     Kernel.obj
 0002:00004e30       Kernel_OS_Sharp_Console__MoveUpFramebuffer 0000000004023e30     Kernel.obj
 0002:00004ec0       Kernel_OS_Sharp_Console__UpdateCursor 0000000004023ec0     Kernel.obj
 0002:00004fb0       Kernel_OS_Sharp_Console__UpdateCursorFramebuffer 0000000004023fb0     Kernel.obj
 0002:00005020       Kernel_OS_Sharp_Console__WriteLine 0000000004024020     Kernel.obj
 0002:00005090       Kernel_OS_Sharp_Console__WriteLine_0 0000000004024090     Kernel.obj
 0002:000050e0       Kernel_OS_Sharp_Console__Clear 00000000040240e0     Kernel.obj
 0002:00005140       Kernel_OS_Sharp_Console__set_ForegroundColor 0000000004024140     Kernel.obj
 0002:00005180       Kernel_OS_Sharp_Console__set_BackgroundColor 0000000004024180     Kernel.obj
 0002:000051c0       Kernel_OS_Sharp_PageTable__Initialize 00000000040241c0     Kernel.obj
 0002:000052c0       Kernel_OS_Sharp_PageTable__GetPage 00000000040242c0     Kernel.obj
 0002:00005370       Kernel_OS_Sharp_PageTable__Next 0000000004024370     Kernel.obj
 0002:00005420       Kernel_OS_Sharp_UDP__HandlePacket 0000000004024420     Kernel.obj
 0002:000054f0       print                      00000000040244f0     Kernel.obj
 0002:000054f0       Kernel_OS_Sharp_Stdio__Print 00000000040244f0     Kernel.obj
 0002:00005530       fopen                      0000000004024530     Kernel.obj
 0002:00005530       Kernel_OS_Sharp_Stdio__Fopen 0000000004024530     Kernel.obj
 0002:00005690       Kernel_OS_Sharp_Stdio__Fseek 0000000004024690     Kernel.obj
 0002:00005690       fseek                      0000000004024690     Kernel.obj
 0002:000056b0       fread                      00000000040246b0     Kernel.obj
 0002:000056b0       Kernel_OS_Sharp_Stdio__Fread 00000000040246b0     Kernel.obj
 0002:00005720       Kernel_OS_Sharp_Stdlib__Malloc 0000000004024720     Kernel.obj
 0002:00005720       malloc                     0000000004024720     Kernel.obj
 0002:00005730       free                       0000000004024730     Kernel.obj
 0002:00005730       Kernel_OS_Sharp_Stdlib__Free 0000000004024730     Kernel.obj
 0002:00005740       Kernel_OS_Sharp_Stdlib__Realloc 0000000004024740     Kernel.obj
 0002:00005740       realloc                    0000000004024740     Kernel.obj
 0002:00005750       Kernel_OS_Sharp_NES_CPU__execOpCode 0000000004024750     Kernel.obj
 0002:00009640       Kernel_OS_Sharp_NES_CPU__NMIHandler 0000000004028640     Kernel.obj
 0002:00009780       Kernel_OS_Sharp_NES_CPU__setCompareFlags 0000000004028780     Kernel.obj
 0002:000097c0       Kernel_OS_Sharp_NES_CPU__checkStatusCarry 00000000040287c0     Kernel.obj
 0002:000097e0       Kernel_OS_Sharp_NES_CPU__checkStatusZero 00000000040287e0     Kernel.obj
 0002:000097f0       Kernel_OS_Sharp_NES_CPU__checkStatusOverflowADC 00000000040287f0     Kernel.obj
 0002:00009810       Kernel_OS_Sharp_NES_CPU__checkStatusOverflowSBC 0000000004028810     Kernel.obj
 0002:00009830       Kernel_OS_Sharp_NES_CPU__checkStatusNegative 0000000004028830     Kernel.obj
 0002:00009840       Kernel_OS_Sharp_NES_CPU__checkStatusNegative_0 0000000004028840     Kernel.obj
 0002:00009850       Kernel_OS_Sharp_NES_CPU__pageChangeCheck 0000000004028850     Kernel.obj
 0002:00009870       Kernel_OS_Sharp_NES_CPU__pageChangeCheck_0 0000000004028870     Kernel.obj
 0002:000098a0       Kernel_OS_Sharp_NES_CPU__addrAbs 00000000040288a0     Kernel.obj
 0002:000098f0       Kernel_OS_Sharp_NES_CPU__addrAbsZP 00000000040288f0     Kernel.obj
 0002:00009940       Kernel_OS_Sharp_NES_CPU__addrIdx 0000000004028940     Kernel.obj
 0002:000099a0       Kernel_OS_Sharp_NES_CPU__addrIdxZP 00000000040289a0     Kernel.obj
 0002:000099f0       Kernel_OS_Sharp_NES_CPU__addrIndX 00000000040289f0     Kernel.obj
 0002:00009a70       Kernel_OS_Sharp_NES_CPU__addrIndY 0000000004028a70     Kernel.obj
 0002:00009af0       Kernel_OS_Sharp_NES_GameRender__WriteBitmap 0000000004028af0     Kernel.obj
 0002:00009cb0       Kernel_OS_Sharp_NES_Input__ReadJoypad 0000000004028cb0     Kernel.obj
 0002:00009ce0       Kernel_OS_Sharp_NES_Input___ctor 0000000004028ce0     Kernel.obj
 0002:00009cf0       Kernel_OS_Sharp_NES_Mappers___ctor 0000000004028cf0     Kernel.obj
 0002:00009d00       Kernel_OS_Sharp_NES_MemoryMap__WritePRG 0000000004028d00     Kernel.obj
 0002:00009e80       Kernel_OS_Sharp_NES_MemoryMap__ReadPRG 0000000004028e80     Kernel.obj
 0002:00009f30       Kernel_OS_Sharp_NES_MemoryMap__stackPush 0000000004028f30     Kernel.obj
 0002:00009f70       Kernel_OS_Sharp_NES_MemoryMap__stackPop 0000000004028f70     Kernel.obj
 0002:00009fb0       Kernel_OS_Sharp_NES_MemoryMap__getPPUMemoryByte 0000000004028fb0     Kernel.obj
 0002:0000a210       Kernel_OS_Sharp_NES_MemoryMap__setPPUMemoryByte 0000000004029210     Kernel.obj
 0002:0000a550       Kernel_OS_Sharp_NES_MemoryMap__AddressMask 0000000004029550     Kernel.obj
 0002:0000a5d0       Kernel_OS_Sharp_NES_MemoryMap__setVblank 00000000040295d0     Kernel.obj
 0002:0000a620       Kernel_OS_Sharp_NES_MemoryMap__setSpriteHit 0000000004029620     Kernel.obj
 0002:0000a670       Kernel_OS_Sharp_NES_MemoryMap___ctor 0000000004029670     Kernel.obj
 0002:0000a720       Kernel_OS_Sharp_NES_NES__runGame 0000000004029720     Kernel.obj
 0002:0000a7a0       Kernel_OS_Sharp_NES_NES__openROM 00000000040297a0     Kernel.obj
 0002:0000ade0       Kernel_OS_Sharp_NES_NES__resetGame 0000000004029de0     Kernel.obj
 0002:0000af70       Kernel_OS_Sharp_NES_NES__PS2Keyboard_OnKeyChangedHandler 0000000004029f70     Kernel.obj
 0002:0000b090       Kernel_OS_Sharp_NES_NES___ctor 000000000402a090     Kernel.obj
 0002:0000b0b0       Kernel_OS_Sharp_NES_PPU__renderPixel 000000000402a0b0     Kernel.obj
 0002:0000b7c0       Kernel_OS_Sharp_NES_PPU__RunPPU 000000000402a7c0     Kernel.obj
 0002:0000ba50       Kernel_OS_Sharp_NES_PPU__UpdateDrawLocation 000000000402aa50     Kernel.obj
 0002:0000bcf0       Kernel_OS_Sharp_NES_PPU__DrawNameTable 000000000402acf0     Kernel.obj
 0002:0000c080       Kernel_OS_Sharp_NES_PPU__CheckScanlineForSprites 000000000402b080     Kernel.obj
 0002:0000c220       Kernel_OS_Sharp_NES_PPU__GetSpriteToDraw 000000000402b220     Kernel.obj
 0002:0000c2b0       Kernel_OS_Sharp_NES_PPU__CheckTransparency 000000000402b2b0     Kernel.obj
 0002:0000c5a0       Kernel_OS_Sharp_NES_PPU___ctor 000000000402b5a0     Kernel.obj
 0002:0000e3e0       Kernel_OS_Sharp_NES_Registers__setStatusRegister 000000000402d3e0     Kernel.obj
 0002:0000e490       Kernel_OS_Sharp_NES_Registers__setStatusRegisterWithRegStatusByte 000000000402d490     Kernel.obj
 0002:0000e4e0       Kernel_OS_Sharp_NES_Registers___ctor 000000000402d4e0     Kernel.obj
 0002:0000e4f0       Kernel_OS_Sharp_Misc_IFont__DrawChar 000000000402d4f0     Kernel.obj
 0002:0000e740       Kernel_OS_Sharp_Misc_IFont__MeasureString 000000000402d740     Kernel.obj
 0002:0000e790       Kernel_OS_Sharp_Misc_IFont__DrawString 000000000402d790     Kernel.obj
 0002:0000e840       Kernel_OS_Sharp_Misc_Panic__Error 000000000402d840     Kernel.obj
 0002:0000e8b0       Kernel_OS_Sharp_Misc_PNG___ctor 000000000402d8b0     Kernel.obj
 0002:0000ea90       Kernel_OS_Sharp_Misc_PNG__lodepng_decode_memory 000000000402da90     Kernel.obj
 0002:0000eb30       Kernel_OS_Sharp_Networking_RTL8139__OnInterrupt 000000000402db30     Kernel.obj
 0002:0000ec30       Kernel_OS_Sharp_Networking_RTL8139__Send 000000000402dc30     Kernel.obj
 0002:0000ed30       Kernel_OS_Sharp_Networking_ARP__HandlePacket 000000000402dd30     Kernel.obj
 0002:0000f220       Kernel_OS_Sharp_Networking_ARP__Lookup 000000000402e220     Kernel.obj
 0002:0000f3a0       Kernel_OS_Sharp_Networking_ARP__Require 000000000402e3a0     Kernel.obj
 0002:0000f590       Kernel_OS_Sharp_Networking_Ethernet__HandlePacket 000000000402e590     Kernel.obj
 0002:0000f620       Kernel_OS_Sharp_Networking_Ethernet__SendPacket 000000000402e620     Kernel.obj
 0002:0000f7f0       Kernel_OS_Sharp_Networking_IPv4__HandlePacket 000000000402e7f0     Kernel.obj
 0002:0000f980       Kernel_OS_Sharp_Networking_IPv4__IsSameSubnet 000000000402e980     Kernel.obj
 0002:0000fa40       Kernel_OS_Sharp_Networking_IPv4__SendPacket 000000000402ea40     Kernel.obj
 0002:0000fc00       Kernel_OS_Sharp_Networking_IPv4__CalculateChecksum 000000000402ec00     Kernel.obj
 0002:0000fc50       Kernel_OS_Sharp_Networking_TCP__TcpRecv 000000000402ec50     Kernel.obj
 0002:0000fce0       Kernel_OS_Sharp_Networking_TCP__RecvGeneral 000000000402ece0     Kernel.obj
 0002:0000fe00       Kernel_OS_Sharp_Networking_TCP__RecvFin 000000000402ee00     Kernel.obj
 0002:0000fe80       Kernel_OS_Sharp_Networking_TCP__RecvAck 000000000402ee80     Kernel.obj
 0002:0000ff90       Kernel_OS_Sharp_Networking_TCP__RecvRst 000000000402ef90     Kernel.obj
 0002:0000ffd0       Kernel_OS_Sharp_Networking_TCP__RecvSynSent 000000000402efd0     Kernel.obj
 0002:00010100       Kernel_OS_Sharp_Networking_TCP__SendPacket_0 000000000402f100     Kernel.obj
 0002:00010410       Kernel_OS_Sharp_Networking_TCP__NetAllocBuf 000000000402f410     Kernel.obj
 0002:00010440       Kernel_OS_Sharp_Networking_TCP__Swap 000000000402f440     Kernel.obj
 0002:00010550       Kernel_OS_Sharp_Networking_TCP__TCPChecksum 000000000402f550     Kernel.obj
 0002:000105c0       Kernel_OS_Sharp_FileSystem_Ramdisk__Read 000000000402f5c0     Kernel.obj
 0002:00010670       Kernel_OS_Sharp_FileSystem_FAT32___ctor 000000000402f670     Kernel.obj
 0002:000107c0       Kernel_OS_Sharp_FileSystem_FAT32__GetFiles 000000000402f7c0     Kernel.obj
 0002:00010830       Kernel_OS_Sharp_FileSystem_FAT32__ReadAllBytes 000000000402f830     Kernel.obj
 0002:000109e0       Kernel_OS_Sharp_FileSystem_FAT32__GetSectorsWillUse 000000000402f9e0     Kernel.obj
 0002:00010a00       Kernel_OS_Sharp_FileSystem_FAT32__ReadList 000000000402fa00     Kernel.obj
 0002:00010fc0       Kernel_OS_Sharp_Driver_ACPI__GetRSDP 000000000402ffc0     Kernel.obj
 0002:00010ff0       Kernel_OS_Sharp_Driver_ACPI__Shutdown 000000000402fff0     Kernel.obj
 0002:000110b0       Kernel_OS_Sharp_Driver_ACPI__Initialize 00000000040300b0     Kernel.obj
 0002:00011150       Kernel_OS_Sharp_Driver_ACPI__ParseDT 0000000004030150     Kernel.obj
 0002:000112f0       Kernel_OS_Sharp_Driver_ACPI__RemapIRQ 00000000040302f0     Kernel.obj
 0002:00011350       Kernel_OS_Sharp_Driver_HPET__Initialize 0000000004030350     Kernel.obj
 0002:000113d0       Kernel_OS_Sharp_Driver_IDE__Initialize 00000000040303d0     Kernel.obj
 0002:000114f0       Kernel_OS_Sharp_Driver_IDE___ctor 00000000040304f0     Kernel.obj
 0002:000119f0       Kernel_OS_Sharp_Driver_IDE__Available 00000000040309f0     Kernel.obj
 0002:00011a80       Kernel_OS_Sharp_Driver_IDE__WaitForReadyStatus 0000000004030a80     Kernel.obj
 0002:00011af0       Kernel_OS_Sharp_Driver_IDE__WaitForIdentifyData 0000000004030af0     Kernel.obj
 0002:00011b60       Kernel_OS_Sharp_Driver_IDE__ReadOrWrite 0000000004030b60     Kernel.obj
 0002:00011e60       Kernel_OS_Sharp_Driver_IDE__Read 0000000004030e60     Kernel.obj
 0002:00011ef0       Kernel_OS_Sharp_Driver_Intel8254X__OnInterrupt 0000000004030ef0     Kernel.obj
 0002:00011ff0       Kernel_OS_Sharp_Driver_IOAPIC__Initialize 0000000004030ff0     Kernel.obj
 0002:00012070       Kernel_OS_Sharp_Driver_IOAPIC__In 0000000004031070     Kernel.obj
 0002:000120a0       Kernel_OS_Sharp_Driver_IOAPIC__Out 00000000040310a0     Kernel.obj
 0002:000120d0       Kernel_OS_Sharp_Driver_LocalAPIC__Initialize 00000000040310d0     Kernel.obj
 0002:00012130       Kernel_OS_Sharp_Driver_SMBIOS__Initialize 0000000004031130     Kernel.obj
 0002:000121d0       Kernel_OS_Sharp_Driver_VBE__Initialize 00000000040311d0     Kernel.obj
 0002:00012230       Kernel_OS_Sharp_GUI_FConsole___ctor 0000000004031230     Kernel.obj
 0002:00012360       Kernel_OS_Sharp_GUI_FConsole__PS2Keyboard_OnKeyChanged 0000000004031360     Kernel.obj
 0002:00012500       Kernel_OS_Sharp_GUI_FConsole__Update 0000000004031500     Kernel.obj
 0002:00012580       Kernel_OS_Sharp_GUI_FConsole__Console_OnWrite 0000000004031580     Kernel.obj
 0002:000125e0       Kernel_OS_Sharp_GUI_Form__Initialize 00000000040315e0     Kernel.obj
 0002:000126b0       Kernel_OS_Sharp_GUI_Form__UpdateAll 00000000040316b0     Kernel.obj
 0002:00012700       Kernel_OS_Sharp_GUI_Form__Update 0000000004031700     Kernel.obj
 0002:000128b0       Kernel_Kernel_Thread___ctor 00000000040318b0     Kernel.obj
 0002:00012980       Kernel_Kernel_ThreadPool__Initialize 0000000004031980     Kernel.obj
 0002:00012a50       Kernel_Kernel_ThreadPool__Terminate 0000000004031a50     Kernel.obj
 0002:00012b10       Kernel_Kernel_ThreadPool__TestThread 0000000004031b10     Kernel.obj
 0002:00012b20       Kernel_Kernel_ThreadPool__IdleThread 0000000004031b20     Kernel.obj
 0002:00012b70       Kernel_Kernel_ThreadPool__Schedule 0000000004031b70     Kernel.obj
 0002:00012d20       Kernel_Kernel_GUI_Desktop__Initialize 0000000004031d20     Kernel.obj
 0002:00012d90       Kernel_Kernel_GUI_Desktop__Update 0000000004031d90     Kernel.obj
 0002:00013090       Kernel_OS_Sharp_SATA_SATADevice__Configure 0000000004032090     Kernel.obj
 0002:00013180       Kernel_OS_Sharp_SATA_SATADevice__Read 0000000004032180     Kernel.obj
 0002:00013210       Kernel_OS_Sharp_SATA_SATADevice__ReadOrWrite 0000000004032210     Kernel.obj
 0002:00013580       Kernel_OS_Sharp_SATA_SATADevice__FindSlot 0000000004032580     Kernel.obj
 0002:000135c0       Kernel_OS_Sharp_SATA_SATADevice___ctor 00000000040325c0     Kernel.obj
 0002:000135d0       Kernel_OS_Sharp_FileSystem_FAT32_AEntry___ctor 00000000040325d0     Kernel.obj
 0002:000135e0       Kernel_System_Array_1<UInt8>___ctor 00000000040325e0     Kernel.obj
 0002:000135f0       Kernel_System_Array_1<Char>___ctor 00000000040325f0     Kernel.obj
 0002:00013600       Kernel_System_Array_1<Kernel_System_ConsoleKey>___ctor 0000000004032600     Kernel.obj
 0002:00013610       Kernel_System_Array_1<UInt32>___ctor 0000000004032610     Kernel.obj
 0002:00013620       Kernel_System_Array_1<Kernel_IDT_IDTEntry>___ctor 0000000004032620     Kernel.obj
 0002:00013630       Kernel_System_Collections_Generic_List_1<Kernel_OS_Sharp_Networking_ARP_ARPEntry>__get_Item 0000000004032630     Kernel.obj
 0002:00013670       Kernel_System_Collections_Generic_List_1<Kernel_OS_Sharp_Networking_ARP_ARPEntry>__Add 0000000004032670     Kernel.obj
 0002:000136b0       Kernel_System_Array_1<Kernel_OS_Sharp_Driver_IDE_DriveInfo>___ctor 00000000040326b0     Kernel.obj
 0002:000136c0       Kernel_System_Array_1<System___Canon>___ctor 00000000040326c0     Kernel.obj
 0002:000136d0       Internal_CompilerGenerated__Module___SetAppContextSwitches 00000000040326d0     Kernel.obj
 0002:000136e0       __managed__Main            00000000040326e0     Kernel.obj
 0002:000136e0       Kernel__Module___StartupCodeMain 00000000040326e0     Kernel.obj
 0003:00000000       __embedded_metadata        0000000004033000     Kernel.obj
 0003:00001e6b       __embedded_resourcedata_End 0000000004034e6b     Kernel.obj
 0003:00001e6b       __embedded_resourceindex   0000000004034e6b     Kernel.obj
 0003:00001e6b       __embedded_metadata_End    0000000004034e6b     Kernel.obj
 0003:00001e6b       __embedded_resourcedata    0000000004034e6b     Kernel.obj
 0003:00001e6e       __type_to_metadata_map     0000000004034e6e     Kernel.obj
 0003:00001e6e       __embedded_resourceindex_End 0000000004034e6e     Kernel.obj
 0003:00001f99       __type_to_cctorContext_map 0000000004034f99     Kernel.obj
 0003:00001f99       __type_to_metadata_map_End 0000000004034f99     Kernel.obj
 0003:00001f9c       __method_to_entrypoint_map 0000000004034f9c     Kernel.obj
 0003:00001f9c       __type_to_cctorContext_map_End 0000000004034f9c     Kernel.obj
 0003:00001f9f       __method_to_entrypoint_map_End 0000000004034f9f     Kernel.obj
 0003:00001f9f       __delegate_marshalling_stub_map 0000000004034f9f     Kernel.obj
 0003:00001fa2       __struct_marshalling_stub_map 0000000004034fa2     Kernel.obj
 0003:00001fa2       __delegate_marshalling_stub_map_End 0000000004034fa2     Kernel.obj
 0003:00001fa5       __array_type_map           0000000004034fa5     Kernel.obj
 0003:00001fa5       __struct_marshalling_stub_map_End 0000000004034fa5     Kernel.obj
 0003:00001fd6       __field_to_offset_map      0000000004034fd6     Kernel.obj
 0003:00001fd6       __array_type_map_End       0000000004034fd6     Kernel.obj
 0003:00001fd9       __field_to_offset_map_End  0000000004034fd9     Kernel.obj
 0003:00001fd9       __nativelayoutinfo         0000000004034fd9     Kernel.obj
 0003:00001fd9       __nativelayoutinfo_End     0000000004034fd9     Kernel.obj
 0003:00001fd9       __exact_method_instantiations 0000000004034fd9     Kernel.obj
 0003:00001fdc       __exact_method_instantiations_End 0000000004034fdc     Kernel.obj
 0003:00001fdc       __generic_types_hashtable  0000000004034fdc     Kernel.obj
 0003:00001ffa       __generic_types_hashtable_End 0000000004034ffa     Kernel.obj
 0003:00001ffa       __generic_methods_hashtable 0000000004034ffa     Kernel.obj
 0003:00001ffd       __gvm_table                0000000004034ffd     Kernel.obj
 0003:00001ffd       __generic_methods_hashtable_End 0000000004034ffd     Kernel.obj
 0003:00002000       __interface_gvm_table      0000000004035000     Kernel.obj
 0003:00002000       __gvm_table_End            0000000004035000     Kernel.obj
 0003:00002003       __GenericMethodsTemplateMap 0000000004035003     Kernel.obj
 0003:00002003       __interface_gvm_table_End  0000000004035003     Kernel.obj
 0003:00002006       __GenericTypesTemplateMap  0000000004035006     Kernel.obj
 0003:00002006       __GenericMethodsTemplateMap_End 0000000004035006     Kernel.obj
 0003:00002009       __GenericTypesTemplateMap_End 0000000004035009     Kernel.obj
 0003:00002009       __block_reflection_type_map 0000000004035009     Kernel.obj
 0003:000020a2       _StaticsInfoHashtableNode  00000000040350a2     Kernel.obj
 0003:000020a2       __block_reflection_type_map_End 00000000040350a2     Kernel.obj
 0003:000020a5       __VirtualInvokeMap         00000000040350a5     Kernel.obj
 0003:000020a5       _StaticsInfoHashtableNode_End 00000000040350a5     Kernel.obj
 0003:000020a8       __VirtualInvokeMap_End     00000000040350a8     Kernel.obj
 0003:000020a8       __DefaultConstructor_Map   00000000040350a8     Kernel.obj
 0003:000020cf       __external_CommonFixupsTable_references 00000000040350cf     Kernel.obj
 0003:000020cf       __DefaultConstructor_Map_End 00000000040350cf     Kernel.obj
 0003:000021d7       __external_NativeReferences_references 00000000040351d7     Kernel.obj
 0003:000021d7       __external_CommonFixupsTable_references_End 00000000040351d7     Kernel.obj
 0003:000021fb       __external_NativeStatics_references 00000000040351fb     Kernel.obj
 0003:000021fb       __external_NativeStatics_references_End 00000000040351fb     Kernel.obj
 0003:000021fb       __external_NativeReferences_references_End 00000000040351fb     Kernel.obj
 0003:00002200       _stacktrace_methodRVA_to_token_mapping 0000000004035200     Kernel.obj
 0003:00002a30       _stacktrace_methodRVA_to_token_mapping_End 0000000004035a30     Kernel.obj
 0003:00002a30       __ReadyToRunHeader         0000000004035a30     Kernel.obj
 0003:00002d10       __readonlydata_g_compilerEmbeddedSettingsBlob 0000000004035d10     Kernel.obj
 0003:00002d10       g_compilerEmbeddedSettingsBlob 0000000004035d10     Kernel.obj
 0003:00002d14       g_requiredCpuFeatures      0000000004035d14     Kernel.obj
 0003:00002d14       __readonlydata_g_requiredCpuFeatures 0000000004035d14     Kernel.obj
 0003:00002d18       ??_7Kernel_System_Collections_Generic_List_1@@6B@ 0000000004035d18     Kernel.obj
 0003:00002d50       ??_7Kernel_System_Delegate@@6B@ 0000000004035d50     Kernel.obj
 0003:00002d80       ??_7Kernel_System_Array@@6B@ 0000000004035d80     Kernel.obj
 0003:00002dc8       ??_7Kernel_System_MulticastDelegate@@6B@ 0000000004035dc8     Kernel.obj
 0003:00002df8       ??_7Object@@6B@            0000000004035df8     Kernel.obj
 0003:00002e28       ??_7String@@6B@            0000000004035e28     Kernel.obj
 0003:00002e68       ??_7Kernel_System_Drawing_Image@@6B@ 0000000004035e68     Kernel.obj
 0003:00002e98       ??_7Kernel_OS_Sharp_PCIDevice@@6B@ 0000000004035e98     Kernel.obj
 0003:00002ee0       ??_7Kernel_OS_Sharp_NES_CPU@@6B@ 0000000004035ee0     Kernel.obj
 0003:00002f28       ??_7Kernel_OS_Sharp_NES_GameRender@@6B@ 0000000004035f28     Kernel.obj
 0003:00002f58       ??_7Kernel_OS_Sharp_NES_Input@@6B@ 0000000004035f58     Kernel.obj
 0003:00002f88       ??_7Kernel_OS_Sharp_NES_Mappers@@6B@ 0000000004035f88     Kernel.obj
 0003:00002fd0       ??_7Kernel_OS_Sharp_NES_MemoryMap@@6B@ 0000000004035fd0     Kernel.obj
 0003:00003010       ??_7Kernel_OS_Sharp_NES_NES@@6B@ 0000000004036010     Kernel.obj
 0003:00003058       ??_7Kernel_OS_Sharp_NES_PPU@@6B@ 0000000004036058     Kernel.obj
 0003:00003088       ??_7Kernel_OS_Sharp_NES_Registers@@6B@ 0000000004036088     Kernel.obj
 0003:000030d0       ??_7Kernel_OS_Sharp_Misc_BitFontDescriptor@@6B@ 00000000040360d0     Kernel.obj
 0003:00003118       ??_7Kernel_OS_Sharp_Misc_IFont@@6B@ 0000000004036118     Kernel.obj
 0003:00003158       ??_7Kernel_OS_Sharp_Misc_PNG@@6B@ 0000000004036158     Kernel.obj
 0003:00003188       ??_7Kernel_OS_Sharp_FileSystem_Ramdisk@@6B@ 0000000004036188     Kernel.obj
 0003:000031b8       ??_7Kernel_OS_Sharp_FileSystem_Disk@@6B@ 00000000040361b8     Kernel.obj
 0003:00003208       ??_7Kernel_OS_Sharp_FileSystem_FAT32@@6B@ 0000000004036208     Kernel.obj
 0003:00003248       ??_7Kernel_OS_Sharp_FileSystem_File@@6B@ 0000000004036248     Kernel.obj
 0003:000032a0       ??_7Kernel_OS_Sharp_Driver_IDE@@6B@ 00000000040362a0     Kernel.obj
 0003:00003300       ??_7Kernel_OS_Sharp_GUI_FConsole@@6B@ 0000000004036300     Kernel.obj
 0003:00003348       ??_7Kernel_OS_Sharp_GUI_Form@@6B@ 0000000004036348     Kernel.obj
 0003:00003380       ??_7Kernel_Kernel_Thread@@6B@ 0000000004036380     Kernel.obj
 0003:000033c8       ??_7Kernel_OS_Sharp_PS2Keyboard_OnKeyHandler@@6B@ 00000000040363c8     Kernel.obj
 0003:000033f0       ??_7Kernel_OS_Sharp_SATA_SATADevice@@6B@ 00000000040363f0     Kernel.obj
 0003:00003440       ??_7Kernel_OS_Sharp_Console_OnWriteHandler@@6B@ 0000000004036440     Kernel.obj
 0003:00003480       ??_7Kernel_OS_Sharp_FileSystem_FAT32_AEntry@@6B@ 0000000004036480     Kernel.obj
 0003:000034c0       ??_7Kernel_System_Collections_Generic_List_1<UInt8>@@6B@ 00000000040364c0     Kernel.obj
 0003:00003510       ??_7Kernel_System_Collections_Generic_List_1<Kernel_OS_Sharp_PCIDevice>@@6B@ 0000000004036510     Kernel.obj
 0003:00003568       ??_7Kernel_System_Collections_Generic_List_1<Kernel_OS_Sharp_Misc_BitFontDescriptor>@@6B@ 0000000004036568     Kernel.obj
 0003:000035c0       ??_7Kernel_System_Collections_Generic_List_1<Kernel_OS_Sharp_Driver_IDE>@@6B@ 00000000040365c0     Kernel.obj
 0003:00003618       ??_7Kernel_System_Collections_Generic_List_1<Kernel_OS_Sharp_GUI_Form>@@6B@ 0000000004036618     Kernel.obj
 0003:00003670       ??_7Kernel_System_Collections_Generic_List_1<Kernel_Kernel_Thread>@@6B@ 0000000004036670     Kernel.obj
 0003:000036c8       ??_7Kernel_System_Collections_Generic_List_1<Kernel_OS_Sharp_SATA_SATADevice>@@6B@ 00000000040366c8     Kernel.obj
 0003:00003720       ??_7Kernel_System_Collections_Generic_List_1<Kernel_OS_Sharp_FileSystem_FAT32_AEntry>@@6B@ 0000000004036720     Kernel.obj
 0003:00003778       ??_7Kernel_System_Collections_Generic_List_1<__Array<UInt8>>@@6B@ 0000000004036778     Kernel.obj
 0003:000037b8       ??_7__Array<UInt8>@@6B@    00000000040367b8     Kernel.obj
 0003:000037e0       ??_7__Array<Char>@@6B@     00000000040367e0     Kernel.obj
 0003:00003808       ??_7__Array<Kernel_System_ConsoleKey>@@6B@ 0000000004036808     Kernel.obj
 0003:00003848       ??_7__Array<String>@@6B@   0000000004036848     Kernel.obj
[...]
 0003:00008f30       $unwind$readBitFromReversedStream 000000000403bf30     NativeLib:lodepng.obj
 0003:00008f3c       $unwind$readBitsFromReversedStream 000000000403bf3c     NativeLib:lodepng.obj
 0003:00008f48       $unwind$setBitOfReversedStream 000000000403bf48     NativeLib:lodepng.obj
 0003:00008f54       $unwind$lodepng_chunk_init 000000000403bf54     NativeLib:lodepng.obj
 0003:00008f60       $unwind$lodepng_chunk_createv 000000000403bf60     NativeLib:lodepng.obj
 0003:00008f6c       $unwind$checkColorValidity 000000000403bf6c     NativeLib:lodepng.obj
 0003:00008f78       $unwind$getNumColorChannels 000000000403bf78     NativeLib:lodepng.obj
 0003:00008f84       $unwind$lodepng_get_bpp_lct 000000000403bf84     NativeLib:lodepng.obj
 0003:00008f90       $unwind$lodepng_color_mode_alloc_palette 000000000403bf90     NativeLib:lodepng.obj
 0003:00008f9c       $unwind$lodepng_color_mode_equal 000000000403bf9c     NativeLib:lodepng.obj
 0003:00008fa8       $unwind$lodepng_get_raw_size_lct 000000000403bfa8     NativeLib:lodepng.obj
 0003:00008fb4       $unwind$lodepng_get_raw_size_idat 000000000403bfb4     NativeLib:lodepng.obj
 0003:00008fc0       $unwind$lodepng_pixel_overflow 000000000403bfc0     NativeLib:lodepng.obj
 0003:00008fcc       $unwind$LodePNGUnknownChunks_init 000000000403bfcc     NativeLib:lodepng.obj
 0003:00008fd8       $unwind$LodePNGUnknownChunks_cleanup 000000000403bfd8     NativeLib:lodepng.obj
 0003:00008fe4       $unwind$LodePNGUnknownChunks_copy 000000000403bfe4     NativeLib:lodepng.obj
 0003:00008ff0       $unwind$LodePNGText_init   000000000403bff0     NativeLib:lodepng.obj
 0003:00008ffc       $unwind$LodePNGText_cleanup 000000000403bffc     NativeLib:lodepng.obj
 0003:00009008       $unwind$LodePNGText_copy   000000000403c008     NativeLib:lodepng.obj
 0003:00009014       $unwind$lodepng_add_text_sized 000000000403c014     NativeLib:lodepng.obj
 0003:00009020       $unwind$LodePNGIText_init  000000000403c020     NativeLib:lodepng.obj
 0003:0000902c       $unwind$LodePNGIText_cleanup 000000000403c02c     NativeLib:lodepng.obj
 0003:00009038       $unwind$LodePNGIText_copy  000000000403c038     NativeLib:lodepng.obj
 0003:00009044       $unwind$lodepng_add_itext_sized 000000000403c044     NativeLib:lodepng.obj
 0003:00009050       $unwind$lodepng_assign_icc 000000000403c050     NativeLib:lodepng.obj
 0003:0000905c       $unwind$addColorBits       000000000403c05c     NativeLib:lodepng.obj
 0003:00009068       $unwind$color_tree_init    000000000403c068     NativeLib:lodepng.obj
 0003:00009074       $unwind$color_tree_cleanup 000000000403c074     NativeLib:lodepng.obj
 0003:00009080       $unwind$color_tree_get     000000000403c080     NativeLib:lodepng.obj
 0003:0000908c       $unwind$color_tree_has     000000000403c08c     NativeLib:lodepng.obj
 0003:00009098       $unwind$color_tree_add     000000000403c098     NativeLib:lodepng.obj
 0003:000090a4       $unwind$rgba8ToPixel       000000000403c0a4     NativeLib:lodepng.obj
 0003:000090b0       $unwind$rgba16ToPixel      000000000403c0b0     NativeLib:lodepng.obj
 0003:000090bc       $unwind$getPixelColorRGBA8 000000000403c0bc     NativeLib:lodepng.obj
 0003:000090c8       $unwind$getPixelColorsRGBA8 000000000403c0c8     NativeLib:lodepng.obj
 0003:000090d4       $unwind$getPixelColorsRGB8 000000000403c0d4     NativeLib:lodepng.obj
 0003:000090e0       $unwind$getPixelColorRGBA16 000000000403c0e0     NativeLib:lodepng.obj
 0003:000090ec       $unwind$lodepng_convert_rgb 000000000403c0ec     NativeLib:lodepng.obj
 0003:000090f8       $unwind$getValueRequiredBits 000000000403c0f8     NativeLib:lodepng.obj
 0003:00009104       $unwind$lodepng_color_stats_add 000000000403c104     NativeLib:lodepng.obj
 0003:00009110       $unwind$auto_choose_color  000000000403c110     NativeLib:lodepng.obj
 0003:0000911c       $unwind$paethPredictor     000000000403c11c     NativeLib:lodepng.obj
 0003:00009128       $unwind$Adam7_getpassvalues 000000000403c128     NativeLib:lodepng.obj
 0003:00009134       $unwind$unfilterScanline   000000000403c134     NativeLib:lodepng.obj
 0003:00009140       $unwind$unfilter           000000000403c140     NativeLib:lodepng.obj
 0003:0000914c       $unwind$Adam7_deinterlace  000000000403c14c     NativeLib:lodepng.obj
 0003:00009158       $unwind$removePaddingBits  000000000403c158     NativeLib:lodepng.obj
 0003:00009164       $unwind$postProcessScanlines 000000000403c164     NativeLib:lodepng.obj
 0003:00009170       $unwind$readChunk_PLTE     000000000403c170     NativeLib:lodepng.obj
 0003:0000917c       $unwind$readChunk_tRNS     000000000403c17c     NativeLib:lodepng.obj
 0003:00009188       $unwind$readChunk_bKGD     000000000403c188     NativeLib:lodepng.obj
 0003:00009194       $unwind$readChunk_tEXt     000000000403c194     NativeLib:lodepng.obj
 0003:000091a0       $unwind$readChunk_zTXt     000000000403c1a0     NativeLib:lodepng.obj
 0003:000091b0       $unwind$readChunk_iTXt     000000000403c1b0     NativeLib:lodepng.obj
 0003:000091c0       $unwind$readChunk_tIME     000000000403c1c0     NativeLib:lodepng.obj
 0003:000091cc       $unwind$readChunk_pHYs     000000000403c1cc     NativeLib:lodepng.obj
 0003:000091d8       $unwind$readChunk_gAMA     000000000403c1d8     NativeLib:lodepng.obj
 0003:000091e4       $unwind$readChunk_cHRM     000000000403c1e4     NativeLib:lodepng.obj
 0003:000091f0       $unwind$readChunk_sRGB     000000000403c1f0     NativeLib:lodepng.obj
 0003:000091fc       $unwind$readChunk_iCCP     000000000403c1fc     NativeLib:lodepng.obj
 0003:0000920c       $unwind$decodeGeneric      000000000403c20c     NativeLib:lodepng.obj
 0003:00009218       $unwind$writeSignature     000000000403c218     NativeLib:lodepng.obj
 0003:00009224       $unwind$addChunk_IHDR      000000000403c224     NativeLib:lodepng.obj
 0003:00009230       $unwind$addChunk_PLTE      000000000403c230     NativeLib:lodepng.obj
 0003:0000923c       $unwind$addChunk_tRNS      000000000403c23c     NativeLib:lodepng.obj
 0003:00009248       $unwind$addChunk_IDAT      000000000403c248     NativeLib:lodepng.obj
 0003:00009254       $unwind$addChunk_IEND      000000000403c254     NativeLib:lodepng.obj
 0003:00009260       $unwind$addChunk_tEXt      000000000403c260     NativeLib:lodepng.obj
 0003:0000926c       $unwind$addChunk_zTXt      000000000403c26c     NativeLib:lodepng.obj
 0003:00009278       $unwind$addChunk_iTXt      000000000403c278     NativeLib:lodepng.obj
 0003:00009284       $unwind$addChunk_bKGD      000000000403c284     NativeLib:lodepng.obj
 0003:00009290       $unwind$addChunk_tIME      000000000403c290     NativeLib:lodepng.obj
 0003:0000929c       $unwind$addChunk_pHYs      000000000403c29c     NativeLib:lodepng.obj
 0003:000092a8       $unwind$addChunk_gAMA      000000000403c2a8     NativeLib:lodepng.obj
 0003:000092b4       $unwind$addChunk_cHRM      000000000403c2b4     NativeLib:lodepng.obj
 0003:000092c0       $unwind$addChunk_sRGB      000000000403c2c0     NativeLib:lodepng.obj
 0003:000092cc       $unwind$addChunk_iCCP      000000000403c2cc     NativeLib:lodepng.obj
 0003:000092d8       $unwind$filterScanline     000000000403c2d8     NativeLib:lodepng.obj
 0003:000092e4       $unwind$ilog2              000000000403c2e4     NativeLib:lodepng.obj
 0003:000092f0       $unwind$ilog2i             000000000403c2f0     NativeLib:lodepng.obj
 0003:000092fc       $unwind$filter             000000000403c2fc     NativeLib:lodepng.obj
 0003:00009308       $unwind$addPaddingBits     000000000403c308     NativeLib:lodepng.obj
 0003:00009314       $unwind$Adam7_interlace    000000000403c314     NativeLib:lodepng.obj
 0003:00009320       $unwind$preProcessScanlines 000000000403c320     NativeLib:lodepng.obj
 0003:0000932c       $unwind$addUnknownChunks   000000000403c32c     NativeLib:lodepng.obj
 0003:00009338       $unwind$isGrayICCProfile   000000000403c338     NativeLib:lodepng.obj
 0003:00009344       $unwind$isRGBICCProfile    000000000403c344     NativeLib:lodepng.obj
 0003:00009350       $unwind$printf             000000000403c350     NativeLib:printf.obj
 0003:0000935c       $unwind$sprintf            000000000403c35c     NativeLib:printf.obj
 0003:00009368       $unwind$vsnprintf          000000000403c368     NativeLib:printf.obj
 0003:00009374       $unwind$prepend_to_buffer  000000000403c374     NativeLib:printf.obj
 0003:00009380       $unwind$append_num         000000000403c380     NativeLib:printf.obj
 0003:0000938c       $unwind$append_str         000000000403c38c     NativeLib:printf.obj
 0004:00003fa0       lodepng_crc32_table        0000000004040fa0     NativeLib:lodepng.obj
 0007:00000000       __F32AA0BD_concurrencysal@h 0000000004165000     NativeLib:mem.obj
 0007:00000001       __5A3A63C4_sal@h           0000000004165001     NativeLib:mem.obj
 0007:00000002       __6BEC7B3D_vadefs@h        0000000004165002     NativeLib:mem.obj
 0007:00000003       __1BC54112_vcruntime@h     0000000004165003     NativeLib:mem.obj
 0007:00000004       __D986D001_intrin0@inl@h   0000000004165004     NativeLib:mem.obj
 0007:00000005       __8382FD58_setjmp@h        0000000004165005     NativeLib:mem.obj
 0007:00000006       __34193596_mmintrin@h      0000000004165006     NativeLib:mem.obj
 0007:00000007       __6569C2CA_corecrt@h       0000000004165007     NativeLib:mem.obj
 0007:00000008       __6C20D4D3_corecrt_malloc@h 0000000004165008     NativeLib:mem.obj
 0007:00000009       __20BB4341_malloc@h        0000000004165009     NativeLib:mem.obj
 0007:0000000a       __9B102D46_xmmintrin@h     000000000416500a     NativeLib:mem.obj
 0007:0000000b       __FE72A48A_emmintrin@h     000000000416500b     NativeLib:mem.obj
 0007:0000000c       __21D3CC03_pmmintrin@h     000000000416500c     NativeLib:mem.obj
 0007:0000000d       __910ABF81_tmmintrin@h     000000000416500d     NativeLib:mem.obj
 0007:0000000e       __B831AA02_smmintrin@h     000000000416500e     NativeLib:mem.obj
 0007:0000000f       __DD5323CE_nmmintrin@h     000000000416500f     NativeLib:mem.obj
 0007:00000010       __08E8D980_wmmintrin@h     0000000004165010     NativeLib:mem.obj
 0007:00000011       __C37C9487_zmmintrin@h     0000000004165011     NativeLib:mem.obj
 0007:00000012       __F468364D_immintrin@h     0000000004165012     NativeLib:mem.obj
 0007:00000013       __4EABD708_ammintrin@h     0000000004165013     NativeLib:mem.obj
 0007:00000014       __A5B4412F_intrin@h        0000000004165014     NativeLib:mem.obj
 0007:00000015       __F18DCB9B_mem@cpp         0000000004165015     NativeLib:mem.obj
 0007:00000016       __F32AA0BD_concurrencysal@h 0000000004165016     NativeLib:interrupts.obj
 0007:00000017       __5A3A63C4_sal@h           0000000004165017     NativeLib:interrupts.obj
 0007:00000018       __6BEC7B3D_vadefs@h        0000000004165018     NativeLib:interrupts.obj
 0007:00000019       __1BC54112_vcruntime@h     0000000004165019     NativeLib:interrupts.obj
 0007:0000001a       __13E1155B_stdint@h        000000000416501a     NativeLib:interrupts.obj
 0007:0000001b       __D986D001_intrin0@inl@h   000000000416501b     NativeLib:interrupts.obj
 0007:0000001c       __8382FD58_setjmp@h        000000000416501c     NativeLib:interrupts.obj
 0007:0000001d       __34193596_mmintrin@h      000000000416501d     NativeLib:interrupts.obj
 0007:0000001e       __6569C2CA_corecrt@h       000000000416501e     NativeLib:interrupts.obj
 0007:0000001f       __6C20D4D3_corecrt_malloc@h 000000000416501f     NativeLib:interrupts.obj
 0007:00000020       __20BB4341_malloc@h        0000000004165020     NativeLib:interrupts.obj
 0007:00000021       __9B102D46_xmmintrin@h     0000000004165021     NativeLib:interrupts.obj
 0007:00000022       __FE72A48A_emmintrin@h     0000000004165022     NativeLib:interrupts.obj
 0007:00000023       __21D3CC03_pmmintrin@h     0000000004165023     NativeLib:interrupts.obj
 0007:00000024       __910ABF81_tmmintrin@h     0000000004165024     NativeLib:interrupts.obj
 0007:00000025       __B831AA02_smmintrin@h     0000000004165025     NativeLib:interrupts.obj
 0007:00000026       __DD5323CE_nmmintrin@h     0000000004165026     NativeLib:interrupts.obj
 0007:00000027       __08E8D980_wmmintrin@h     0000000004165027     NativeLib:interrupts.obj
 0007:00000028       __C37C9487_zmmintrin@h     0000000004165028     NativeLib:interrupts.obj
 0007:00000029       __F468364D_immintrin@h     0000000004165029     NativeLib:interrupts.obj
 0007:0000002a       __4EABD708_ammintrin@h     000000000416502a     NativeLib:interrupts.obj
 0007:0000002b       __A5B4412F_intrin@h        000000000416502b     NativeLib:interrupts.obj
 0007:0000002c       __6264DC47_interrupts@cpp  000000000416502c     NativeLib:interrupts.obj
 0007:0000002d       __F32AA0BD_concurrencysal@h 000000000416502d     NativeLib:native.obj
 0007:0000002e       __5A3A63C4_sal@h           000000000416502e     NativeLib:native.obj
 0007:0000002f       __6BEC7B3D_vadefs@h        000000000416502f     NativeLib:native.obj
 0007:00000030       __1BC54112_vcruntime@h     0000000004165030     NativeLib:native.obj
 0007:00000031       __D986D001_intrin0@inl@h   0000000004165031     NativeLib:native.obj
 0007:00000032       __8382FD58_setjmp@h        0000000004165032     NativeLib:native.obj
 0007:00000033       __34193596_mmintrin@h      0000000004165033     NativeLib:native.obj
 0007:00000034       __6569C2CA_corecrt@h       0000000004165034     NativeLib:native.obj
 0007:00000035       __6C20D4D3_corecrt_malloc@h 0000000004165035     NativeLib:native.obj
 0007:00000036       __20BB4341_malloc@h        0000000004165036     NativeLib:native.obj
 0007:00000037       __9B102D46_xmmintrin@h     0000000004165037     NativeLib:native.obj
 0007:00000038       __FE72A48A_emmintrin@h     0000000004165038     NativeLib:native.obj
 0007:00000039       __21D3CC03_pmmintrin@h     0000000004165039     NativeLib:native.obj
 0007:0000003a       __910ABF81_tmmintrin@h     000000000416503a     NativeLib:native.obj
 0007:0000003b       __B831AA02_smmintrin@h     000000000416503b     NativeLib:native.obj
 0007:0000003c       __DD5323CE_nmmintrin@h     000000000416503c     NativeLib:native.obj
 0007:0000003d       __08E8D980_wmmintrin@h     000000000416503d     NativeLib:native.obj
 0007:0000003e       __C37C9487_zmmintrin@h     000000000416503e     NativeLib:native.obj
 0007:0000003f       __F468364D_immintrin@h     000000000416503f     NativeLib:native.obj
 0007:00000040       __4EABD708_ammintrin@h     0000000004165040     NativeLib:native.obj
 0007:00000041       __A5B4412F_intrin@h        0000000004165041     NativeLib:native.obj
 0007:00000042       __FBA0A3F8_native@cpp      0000000004165042     NativeLib:native.obj
 0007:00000043       __F32AA0BD_concurrencysal@h 0000000004165043     NativeLib:io.obj
 0007:00000044       __5A3A63C4_sal@h           0000000004165044     NativeLib:io.obj
 0007:00000045       __6BEC7B3D_vadefs@h        0000000004165045     NativeLib:io.obj
 0007:00000046       __1BC54112_vcruntime@h     0000000004165046     NativeLib:io.obj
 0007:00000047       __D986D001_intrin0@inl@h   0000000004165047     NativeLib:io.obj
 0007:00000048       __8382FD58_setjmp@h        0000000004165048     NativeLib:io.obj
 0007:00000049       __34193596_mmintrin@h      0000000004165049     NativeLib:io.obj
 0007:0000004a       __6569C2CA_corecrt@h       000000000416504a     NativeLib:io.obj
 0007:0000004b       __6C20D4D3_corecrt_malloc@h 000000000416504b     NativeLib:io.obj
 0007:0000004c       __20BB4341_malloc@h        000000000416504c     NativeLib:io.obj
 0007:0000004d       __9B102D46_xmmintrin@h     000000000416504d     NativeLib:io.obj
 0007:0000004e       __FE72A48A_emmintrin@h     000000000416504e     NativeLib:io.obj
 0007:0000004f       __21D3CC03_pmmintrin@h     000000000416504f     NativeLib:io.obj
 0007:00000050       __910ABF81_tmmintrin@h     0000000004165050     NativeLib:io.obj
 0007:00000051       __B831AA02_smmintrin@h     0000000004165051     NativeLib:io.obj
 0007:00000052       __DD5323CE_nmmintrin@h     0000000004165052     NativeLib:io.obj
 0007:00000053       __08E8D980_wmmintrin@h     0000000004165053     NativeLib:io.obj
 0007:00000054       __C37C9487_zmmintrin@h     0000000004165054     NativeLib:io.obj
 0007:00000055       __F468364D_immintrin@h     0000000004165055     NativeLib:io.obj
 0007:00000056       __4EABD708_ammintrin@h     0000000004165056     NativeLib:io.obj
 0007:00000057       __A5B4412F_intrin@h        0000000004165057     NativeLib:io.obj
 0007:00000058       __18042BC4_io@cpp          0000000004165058     NativeLib:io.obj
 0007:00000059       __F32AA0BD_concurrencysal@h 0000000004165059     NativeLib:lodepng.obj
 0007:0000005a       __5A3A63C4_sal@h           000000000416505a     NativeLib:lodepng.obj
 0007:0000005b       __6BEC7B3D_vadefs@h        000000000416505b     NativeLib:lodepng.obj
 0007:0000005c       __1BC54112_vcruntime@h     000000000416505c     NativeLib:lodepng.obj
 0007:0000005d       __273EAB94_stdarg@h        000000000416505d     NativeLib:lodepng.obj
 0007:0000005e       __6569C2CA_corecrt@h       000000000416505e     NativeLib:lodepng.obj
 0007:0000005f       __C9393812_stddef@h        000000000416505f     NativeLib:lodepng.obj
 0007:00000060       __BA4138C3_stdbool@h       0000000004165060     NativeLib:lodepng.obj
 0007:00000061       __A6237564_libcore@h       0000000004165061     NativeLib:lodepng.obj
 0007:00000062       __CDDAF8CA_errno@h         0000000004165062     NativeLib:lodepng.obj
 0007:00000063       __4041E9ED_vcruntime_string@h 0000000004165063     NativeLib:lodepng.obj
 0007:00000064       __1FEB9909_corecrt_memcpy_s@h 0000000004165064     NativeLib:lodepng.obj
 0007:00000065       __A751F051_corecrt_memory@h 0000000004165065     NativeLib:lodepng.obj
 0007:00000066       __9200769A_corecrt_wstring@h 0000000004165066     NativeLib:lodepng.obj
 0007:00000067       __32E5F013_string@h        0000000004165067     NativeLib:lodepng.obj
 0007:00000068       __2E3E96DE_lodepng@h       0000000004165068     NativeLib:lodepng.obj
 0007:00000069       __6C20D4D3_corecrt_malloc@h 0000000004165069     NativeLib:lodepng.obj
 0007:0000006a       __D493B9BD_corecrt_search@h 000000000416506a     NativeLib:lodepng.obj
 0007:0000006b       __1473E23E_corecrt_wstdlib@h 000000000416506b     NativeLib:lodepng.obj
 0007:0000006c       __AD973B64_limits@h        000000000416506c     NativeLib:lodepng.obj
 0007:0000006d       __B49664B7_stdlib@h        000000000416506d     NativeLib:lodepng.obj
 0007:0000006e       __B9EC4F56_lodepng@c       000000000416506e     NativeLib:lodepng.obj
 0007:0000006f       __F32AA0BD_concurrencysal@h 000000000416506f     NativeLib:printf.obj
 0007:00000070       __5A3A63C4_sal@h           0000000004165070     NativeLib:printf.obj
 0007:00000071       __6BEC7B3D_vadefs@h        0000000004165071     NativeLib:printf.obj
 0007:00000072       __1BC54112_vcruntime@h     0000000004165072     NativeLib:printf.obj
 0007:00000073       __273EAB94_stdarg@h        0000000004165073     NativeLib:printf.obj
 0007:00000074       __6569C2CA_corecrt@h       0000000004165074     NativeLib:printf.obj
 0007:00000075       __C9393812_stddef@h        0000000004165075     NativeLib:printf.obj
 0007:00000076       __BA4138C3_stdbool@h       0000000004165076     NativeLib:printf.obj
 0007:00000077       __A6237564_libcore@h       0000000004165077     NativeLib:printf.obj
 0007:00000078       __7FFBADB8_printf@cpp      0000000004165078     NativeLib:printf.obj
 0008:000000a0       $R000000                   00000000041660a0     Kernel.res
 0008:000002e8       $R000248                   00000000041662e8     Kernel.res
